../Core/Src/main.c:267:6:OutputEnable	8	static
../Core/Src/main.c:271:6:OutputDisable	8	static
../Core/Src/main.c:275:6:LatchEnable	8	static
../Core/Src/main.c:282:6:SendLEDData	24	static
../Core/Src/main.c:289:6:CombineLEDData	24	static
../Core/Src/main.c:297:6:ShiftLEDData	24	static
../Core/Src/main.c:305:6:CombineAndSendNEW	40	static
../Core/Src/main.c:391:9:wrap_platform_read	16	static
../Core/Src/main.c:401:9:wrap_platform_write	16	static
../Core/Src/main.c:410:5:calculateDisplayIndex	48	static
../Core/Src/main.c:430:6:sendDisplayData	24	static
../Core/Src/main.c:436:6:clearDisplayIfNeeded	16	static
../Core/Src/main.c:444:6:Display	32	static
../Core/Src/main.c:465:8:updateMeanAndCenterData	24	static
../Core/Src/main.c:472:8:centerVelocity	24	static
../Core/Src/main.c:479:6:updateBuffer	24	static
../Core/Src/main.c:487:6:HAL_TIM_PeriodElapsedCallback	40	static
../Core/Src/main.c:500:8:calculateAverageAcceleration	24	static
../Core/Src/main.c:505:8:updateAndFilterVelocity	56	static
../Core/Src/main.c:519:8:updateBaseline	32	static
../Core/Src/main.c:528:6:updateVelocityAndDisplacement	56	static
../Core/Src/main.c:535:6:handleZeroCrossings	24	static
../Core/Src/main.c:549:6:update_motion	56	static
../Core/Src/main.c:581:5:main	160	static
../Core/Src/main.c:692:6:SystemClock_Config	88	static
../Core/Src/main.c:740:13:MX_SPI2_Init	8	static
../Core/Src/main.c:778:13:MX_TIM2_Init	32	static
../Core/Src/main.c:823:13:MX_USART2_UART_Init	8	static
../Core/Src/main.c:856:13:MX_GPIO_Init	48	static
../Core/Src/main.c:909:13:MEMS_Init	56	static
../Core/Src/main.c:949:6:HAL_GPIO_EXTI_Callback	16	static
../Core/Src/main.c:956:5:_write	24	static
../Core/Src/main.c:967:6:Error_Handler	4	static,ignoring_inline_asm
