../Core/Src/main.c:83:7:generateTestPattern	24	static
../Core/Src/main.c:105:7:LoadCLUTForGrayscale	32	static
../Core/Src/main.c:134:7:VerifyCLUTEntry	24	static
../Core/Src/main.c:144:7:testGenerator	24	static
../Core/Src/main.c:157:6:_write	24	static
../Core/Src/main.c:170:5:main	16	static
../Core/Src/main.c:255:6:SystemClock_Config	120	static
../Core/Src/main.c:314:13:MX_I2C4_Init	8	static
../Core/Src/main.c:362:13:MX_LTDC_Init	64	static
../Core/Src/main.c:424:13:MX_USART3_UART_Init	8	static
../Core/Src/main.c:472:13:MX_USB_OTG_FS_PCD_Init	8	static
../Core/Src/main.c:508:13:MX_GPIO_Init	64	static
../Core/Src/main.c:579:6:Error_Handler	4	static,ignoring_inline_asm
