Archive member included to satisfy reference by file (symbol)

c:/siliconlabs/simplicitystudio/v4/developer/toolchains/gnu_arm/7.2_2017q4/bin/../lib/gcc/arm-none-eabi/7.2.1/../../../../arm-none-eabi/lib/thumb/v7-m\libc_nano.a(lib_a-abs.o)
                              ./drivers/segmentlcd.o (abs)
c:/siliconlabs/simplicitystudio/v4/developer/toolchains/gnu_arm/7.2_2017q4/bin/../lib/gcc/arm-none-eabi/7.2.1/../../../../arm-none-eabi/lib/thumb/v7-m\libc_nano.a(lib_a-exit.o)
                              c:/siliconlabs/simplicitystudio/v4/developer/toolchains/gnu_arm/7.2_2017q4/bin/../lib/gcc/arm-none-eabi/7.2.1/../../../../arm-none-eabi/lib/thumb/v7-m/crt0.o (exit)
c:/siliconlabs/simplicitystudio/v4/developer/toolchains/gnu_arm/7.2_2017q4/bin/../lib/gcc/arm-none-eabi/7.2.1/../../../../arm-none-eabi/lib/thumb/v7-m\libc_nano.a(lib_a-impure.o)
                              c:/siliconlabs/simplicitystudio/v4/developer/toolchains/gnu_arm/7.2_2017q4/bin/../lib/gcc/arm-none-eabi/7.2.1/../../../../arm-none-eabi/lib/thumb/v7-m\libc_nano.a(lib_a-exit.o) (_global_impure_ptr)
c:/siliconlabs/simplicitystudio/v4/developer/toolchains/gnu_arm/7.2_2017q4/bin/../lib/gcc/arm-none-eabi/7.2.1/../../../../arm-none-eabi/lib/thumb/v7-m\libc_nano.a(lib_a-init.o)
                              c:/siliconlabs/simplicitystudio/v4/developer/toolchains/gnu_arm/7.2_2017q4/bin/../lib/gcc/arm-none-eabi/7.2.1/../../../../arm-none-eabi/lib/thumb/v7-m/crt0.o (__libc_init_array)
c:/siliconlabs/simplicitystudio/v4/developer/toolchains/gnu_arm/7.2_2017q4/bin/../lib/gcc/arm-none-eabi/7.2.1/../../../../arm-none-eabi/lib/thumb/v7-m\libc_nano.a(lib_a-memset.o)
                              c:/siliconlabs/simplicitystudio/v4/developer/toolchains/gnu_arm/7.2_2017q4/bin/../lib/gcc/arm-none-eabi/7.2.1/../../../../arm-none-eabi/lib/thumb/v7-m/crt0.o (memset)
c:/siliconlabs/simplicitystudio/v4/developer/toolchains/gnu_arm/7.2_2017q4/bin/../lib/gcc/arm-none-eabi/7.2.1/../../../../arm-none-eabi/lib/thumb/v7-m\libc_nano.a(lib_a-strlen.o)
                              ./drivers/segmentlcd.o (strlen)
c:/siliconlabs/simplicitystudio/v4/developer/toolchains/gnu_arm/7.2_2017q4/bin/../lib/gcc/arm-none-eabi/7.2.1/../../../../arm-none-eabi/lib/thumb/v7-m\libnosys.a(_exit.o)
                              c:/siliconlabs/simplicitystudio/v4/developer/toolchains/gnu_arm/7.2_2017q4/bin/../lib/gcc/arm-none-eabi/7.2.1/../../../../arm-none-eabi/lib/thumb/v7-m\libc_nano.a(lib_a-exit.o) (_exit)

Allocating common symbols
Common symbol       size              file

upperCharSegments   0x4               ./src/functions.o
lowerCharSegments   0xe               ./src/functions.o

Discarded input sections

 .text          0x00000000        0x0 c:/siliconlabs/simplicitystudio/v4/developer/toolchains/gnu_arm/7.2_2017q4/bin/../lib/gcc/arm-none-eabi/7.2.1/thumb/v7-m/crti.o
 .data          0x00000000        0x0 c:/siliconlabs/simplicitystudio/v4/developer/toolchains/gnu_arm/7.2_2017q4/bin/../lib/gcc/arm-none-eabi/7.2.1/thumb/v7-m/crti.o
 .bss           0x00000000        0x0 c:/siliconlabs/simplicitystudio/v4/developer/toolchains/gnu_arm/7.2_2017q4/bin/../lib/gcc/arm-none-eabi/7.2.1/thumb/v7-m/crti.o
 .data          0x00000000        0x4 c:/siliconlabs/simplicitystudio/v4/developer/toolchains/gnu_arm/7.2_2017q4/bin/../lib/gcc/arm-none-eabi/7.2.1/thumb/v7-m/crtbegin.o
 .data          0x00000000        0x0 c:/siliconlabs/simplicitystudio/v4/developer/toolchains/gnu_arm/7.2_2017q4/bin/../lib/gcc/arm-none-eabi/7.2.1/../../../../arm-none-eabi/lib/thumb/v7-m/crt0.o
 .bss           0x00000000        0x0 c:/siliconlabs/simplicitystudio/v4/developer/toolchains/gnu_arm/7.2_2017q4/bin/../lib/gcc/arm-none-eabi/7.2.1/../../../../arm-none-eabi/lib/thumb/v7-m/crt0.o
 .ARM.extab     0x00000000        0x0 c:/siliconlabs/simplicitystudio/v4/developer/toolchains/gnu_arm/7.2_2017q4/bin/../lib/gcc/arm-none-eabi/7.2.1/../../../../arm-none-eabi/lib/thumb/v7-m/crt0.o
 .data          0x00000000        0x0 ./CMSIS/EFM32GG/startup_gcc_efm32gg.o
 .bss           0x00000000        0x0 ./CMSIS/EFM32GG/startup_gcc_efm32gg.o
 .group         0x00000000        0xc ./CMSIS/EFM32GG/system_efm32gg.o
 .group         0x00000000        0xc ./CMSIS/EFM32GG/system_efm32gg.o
 .group         0x00000000        0xc ./CMSIS/EFM32GG/system_efm32gg.o
 .group         0x00000000        0xc ./CMSIS/EFM32GG/system_efm32gg.o
 .group         0x00000000        0xc ./CMSIS/EFM32GG/system_efm32gg.o
 .group         0x00000000        0xc ./CMSIS/EFM32GG/system_efm32gg.o
 .group         0x00000000        0xc ./CMSIS/EFM32GG/system_efm32gg.o
 .group         0x00000000        0xc ./CMSIS/EFM32GG/system_efm32gg.o
 .group         0x00000000        0xc ./CMSIS/EFM32GG/system_efm32gg.o
 .group         0x00000000        0xc ./CMSIS/EFM32GG/system_efm32gg.o
 .group         0x00000000        0xc ./CMSIS/EFM32GG/system_efm32gg.o
 .group         0x00000000        0xc ./CMSIS/EFM32GG/system_efm32gg.o
[...]
Memory Configuration

Name             Origin             Length             Attributes
FLASH            0x00000000         0x00100000         xr
RAM              0x20000000         0x00020000         xrw
*default*        0x00000000         0xffffffff

Linker script and memory map

LOAD c:/siliconlabs/simplicitystudio/v4/developer/toolchains/gnu_arm/7.2_2017q4/bin/../lib/gcc/arm-none-eabi/7.2.1/thumb/v7-m/crti.o
LOAD c:/siliconlabs/simplicitystudio/v4/developer/toolchains/gnu_arm/7.2_2017q4/bin/../lib/gcc/arm-none-eabi/7.2.1/thumb/v7-m/crtbegin.o
LOAD c:/siliconlabs/simplicitystudio/v4/developer/toolchains/gnu_arm/7.2_2017q4/bin/../lib/gcc/arm-none-eabi/7.2.1/../../../../arm-none-eabi/lib/thumb/v7-m/crt0.o
LOAD ./CMSIS/EFM32GG/startup_gcc_efm32gg.o
LOAD ./CMSIS/EFM32GG/system_efm32gg.o
LOAD ./drivers/segmentlcd.o
LOAD ./emlib/bsp_stk_buttons.o
LOAD ./emlib/em_cmu.o
LOAD ./emlib/em_core.o
LOAD ./emlib/em_gpio.o
LOAD ./emlib/em_lcd.o
LOAD ./emlib/em_system.o
LOAD ./emlib/em_timer.o
LOAD ./src/functions.o
LOAD ./src/main.o
LOAD ./src/segmentlcd_individual.o
START GROUP
LOAD c:/siliconlabs/simplicitystudio/v4/developer/toolchains/gnu_arm/7.2_2017q4/bin/../lib/gcc/arm-none-eabi/7.2.1/thumb/v7-m\libgcc.a
LOAD c:/siliconlabs/simplicitystudio/v4/developer/toolchains/gnu_arm/7.2_2017q4/bin/../lib/gcc/arm-none-eabi/7.2.1/../../../../arm-none-eabi/lib/thumb/v7-m\libc_nano.a
LOAD c:/siliconlabs/simplicitystudio/v4/developer/toolchains/gnu_arm/7.2_2017q4/bin/../lib/gcc/arm-none-eabi/7.2.1/../../../../arm-none-eabi/lib/thumb/v7-m\libnosys.a
END GROUP
START GROUP
LOAD c:/siliconlabs/simplicitystudio/v4/developer/toolchains/gnu_arm/7.2_2017q4/bin/../lib/gcc/arm-none-eabi/7.2.1/thumb/v7-m\libgcc.a
LOAD c:/siliconlabs/simplicitystudio/v4/developer/toolchains/gnu_arm/7.2_2017q4/bin/../lib/gcc/arm-none-eabi/7.2.1/../../../../arm-none-eabi/lib/thumb/v7-m\libg_nano.a
LOAD c:/siliconlabs/simplicitystudio/v4/developer/toolchains/gnu_arm/7.2_2017q4/bin/../lib/gcc/arm-none-eabi/7.2.1/../../../../arm-none-eabi/lib/thumb/v7-m\libc_nano.a
END GROUP
START GROUP
LOAD c:/siliconlabs/simplicitystudio/v4/developer/toolchains/gnu_arm/7.2_2017q4/bin/../lib/gcc/arm-none-eabi/7.2.1/thumb/v7-m\libgcc.a
LOAD c:/siliconlabs/simplicitystudio/v4/developer/toolchains/gnu_arm/7.2_2017q4/bin/../lib/gcc/arm-none-eabi/7.2.1/../../../../arm-none-eabi/lib/thumb/v7-m\libc_nano.a
END GROUP
LOAD c:/siliconlabs/simplicitystudio/v4/developer/toolchains/gnu_arm/7.2_2017q4/bin/../lib/gcc/arm-none-eabi/7.2.1/thumb/v7-m/crtend.o
LOAD c:/siliconlabs/simplicitystudio/v4/developer/toolchains/gnu_arm/7.2_2017q4/bin/../lib/gcc/arm-none-eabi/7.2.1/thumb/v7-m/crtn.o

.text           0x00000000     0x38c4
 *(.vectors)
 .vectors       0x00000000       0xdc ./CMSIS/EFM32GG/startup_gcc_efm32gg.o
                0x00000000                __Vectors
                0x000000dc                __Vectors_End = .
                0x000000dc                __Vectors_Size = (__Vectors_End - __Vectors)
                0x000000dc                __end__ = .
 *(.text*)
 .text          0x000000dc       0x40 c:/siliconlabs/simplicitystudio/v4/developer/toolchains/gnu_arm/7.2_2017q4/bin/../lib/gcc/arm-none-eabi/7.2.1/thumb/v7-m/crtbegin.o
 .text          0x0000011c       0x74 c:/siliconlabs/simplicitystudio/v4/developer/toolchains/gnu_arm/7.2_2017q4/bin/../lib/gcc/arm-none-eabi/7.2.1/../../../../arm-none-eabi/lib/thumb/v7-m/crt0.o
                0x0000011c                _start
                0x0000011c                _mainCRTStartup
 .text          0x00000190       0x30 ./CMSIS/EFM32GG/startup_gcc_efm32gg.o
                0x00000190                Reset_Handler
                0x000001bc                DebugMon_Handler
                0x000001bc                USART0_TX_IRQHandler
                0x000001bc                I2C0_IRQHandler
                0x000001bc                HardFault_Handler
                0x000001bc                LEUART1_IRQHandler
                0x000001bc                SysTick_Handler
                0x000001bc                USART1_RX_IRQHandler
                0x000001bc                PendSV_Handler
                0x000001bc                NMI_Handler
                0x000001bc                I2C1_IRQHandler
                0x000001bc                TIMER3_IRQHandler
                0x000001bc                USART1_TX_IRQHandler
                0x000001bc                MSC_IRQHandler
                0x000001bc                ADC0_IRQHandler
                0x000001bc                UsageFault_Handler
                0x000001bc                LEUART0_IRQHandler
                0x000001bc                UART0_TX_IRQHandler
                0x000001bc                UART1_TX_IRQHandler
                0x000001bc                RTC_IRQHandler
                0x000001bc                TIMER0_IRQHandler
                0x000001bc                TIMER2_IRQHandler
                0x000001bc                LCD_IRQHandler
                0x000001bc                PCNT2_IRQHandler
                0x000001bc                UART0_RX_IRQHandler
                0x000001bc                LETIMER0_IRQHandler
                0x000001bc                TIMER1_IRQHandler
                0x000001bc                USART2_RX_IRQHandler
                0x000001bc                Default_Handler
                0x000001bc                EMU_IRQHandler
                0x000001bc                PCNT0_IRQHandler
                0x000001bc                sl_app_properties
                0x000001bc                USB_IRQHandler
                0x000001bc                BURTC_IRQHandler
                0x000001bc                PCNT1_IRQHandler
                0x000001bc                ACMP0_IRQHandler
                0x000001bc                USART0_RX_IRQHandler
                0x000001bc                MemManage_Handler
                0x000001bc                SVC_Handler
                0x000001bc                DAC0_IRQHandler
                0x000001bc                UART1_RX_IRQHandler
                0x000001bc                CMU_IRQHandler
                0x000001bc                EBI_IRQHandler
                0x000001bc                LESENSE_IRQHandler
                0x000001bc                AES_IRQHandler
                0x000001bc                VCMP_IRQHandler
                0x000001bc                DMA_IRQHandler
                0x000001bc                BusFault_Handler
                0x000001bc                USART2_TX_IRQHandler
 .text.GetProdRev
                0x000001c0       0x18 ./CMSIS/EFM32GG/system_efm32gg.o
 .text.SystemCoreClockGet
                0x000001d8       0x34 ./CMSIS/EFM32GG/system_efm32gg.o
                0x000001d8                SystemCoreClockGet
 .text.SystemMaxCoreClockGet
                0x0000020c       0x14 ./CMSIS/EFM32GG/system_efm32gg.o
                0x0000020c                SystemMaxCoreClockGet
 .text.SystemHFClockGet
                0x00000220      0x100 ./CMSIS/EFM32GG/system_efm32gg.o
                0x00000220                SystemHFClockGet
 .text.SystemHFXOClockGet
                0x00000320       0x14 ./CMSIS/EFM32GG/system_efm32gg.o
                0x00000320                SystemHFXOClockGet
 .text.SystemInit
                0x00000334       0x1c ./CMSIS/EFM32GG/system_efm32gg.o
                0x00000334                SystemInit
 .text.SystemLFRCOClockGet
                0x00000350       0x10 ./CMSIS/EFM32GG/system_efm32gg.o
                0x00000350                SystemLFRCOClockGet
 .text.SystemULFRCOClockGet
                0x00000360       0x10 ./CMSIS/EFM32GG/system_efm32gg.o
                0x00000360                SystemULFRCOClockGet
 .text.SystemLFXOClockGet
                0x00000370       0x14 ./CMSIS/EFM32GG/system_efm32gg.o
                0x00000370                SystemLFXOClockGet
 .text.LCD_SyncBusyDelay
                0x00000384       0x24 ./drivers/segmentlcd.o
 .text.LCD_IntDisable
                0x000003a8       0x24 ./drivers/segmentlcd.o
 .text.SegmentLCD_AllOff
                0x000003cc       0xac ./drivers/segmentlcd.o
                0x000003cc                SegmentLCD_AllOff
 .text.SegmentLCD_Init
                0x00000478       0xb8 ./drivers/segmentlcd.o
                0x00000478                SegmentLCD_Init
 .text.SegmentLCD_Symbol
                0x00000530      0x128 ./drivers/segmentlcd.o
                0x00000530                SegmentLCD_Symbol
 .text.BSP_ButtonsInit
                0x00000658       0x58 ./emlib/bsp_stk_buttons.o
                0x00000658                BSP_ButtonsInit
 .text.BUS_RegBitWrite
                0x000006b0       0x2c ./emlib/em_cmu.o
 .text.BUS_RegBitRead
                0x000006dc       0x28 ./emlib/em_cmu.o
 .text.CMU_DivToLog2
                0x00000704       0x30 ./emlib/em_cmu.o
 .text.SYSTEM_GetProdRev
                0x00000734       0x18 ./emlib/em_cmu.o
 .text.SYSTEM_GetFamily
                0x0000074c       0x18 ./emlib/em_cmu.o
 .text.maxFreqHfle
                0x00000764       0x7c ./emlib/em_cmu.o
 .text.setHfLeConfig
                0x000007e0       0x64 ./emlib/em_cmu.o
 .text.getHfLeConfig
                0x00000844       0x20 ./emlib/em_cmu.o
 .text.auxClkGet
                0x00000864       0xb0 ./emlib/em_cmu.o
 .text.dbgClkGet
                0x00000914       0x40 ./emlib/em_cmu.o
 .text.flashWaitStateControl
                0x00000954       0x98 ./emlib/em_cmu.o
 .text.flashWaitStateMax
                0x000009ec       0x44 ./emlib/em_cmu.o
 .text.CMU_UpdateWaitStates
                0x00000a30       0x40 ./emlib/em_cmu.o
                0x00000a30                CMU_UpdateWaitStates
 .text.lfClkGet
                0x00000a70       0xec ./emlib/em_cmu.o
 .text.syncReg  0x00000b5c       0x34 ./emlib/em_cmu.o
 .text.usbCClkGet
                0x00000b90       0x4c ./emlib/em_cmu.o
 .text.hfperClkSafePrescaler
                0x00000bdc        0xc ./emlib/em_cmu.o
 .text.hfperClkOptimizedPrescaler
                0x00000be8        0xc ./emlib/em_cmu.o
 .text.CMU_ClockDivSet
                0x00000bf4      0x22c ./emlib/em_cmu.o
                0x00000bf4                CMU_ClockDivSet
 .text.CMU_ClockEnable
                0x00000e20       0xd0 ./emlib/em_cmu.o
                0x00000e20                CMU_ClockEnable
 .text.CMU_ClockFreqGet
                0x00000ef0      0x1d8 ./emlib/em_cmu.o
                0x00000ef0                CMU_ClockFreqGet
 .text.CMU_ClockSelectGet
                0x000010c8      0x15c ./emlib/em_cmu.o
                0x000010c8                CMU_ClockSelectGet
 .text.CMU_ClockSelectSet
                0x00001224      0x2a4 ./emlib/em_cmu.o
                0x00001224                CMU_ClockSelectSet
 .text.CMU_LCDClkFDIVSet
                0x000014c8       0x3c ./emlib/em_cmu.o
                0x000014c8                CMU_LCDClkFDIVSet
 .text.CMU_OscillatorEnable
                0x00001504       0xbc ./emlib/em_cmu.o
                0x00001504                CMU_OscillatorEnable
 .text.BUS_RegBitWrite
                0x000015c0       0x2c ./emlib/em_gpio.o
 .text.BUS_RegMaskedWrite
                0x000015ec       0x28 ./emlib/em_gpio.o
 .text.GPIO_IntClear
                0x00001614       0x20 ./emlib/em_gpio.o
 .text.GPIO_PinOutClear
                0x00001634       0x58 ./emlib/em_gpio.o
 .text.GPIO_PinOutSet
                0x0000168c       0x58 ./emlib/em_gpio.o
 .text.GPIO_ExtIntConfig
                0x000016e4       0xd4 ./emlib/em_gpio.o
                0x000016e4                GPIO_ExtIntConfig
 .text.GPIO_PinModeSet
                0x000017b8      0x118 ./emlib/em_gpio.o
                0x000017b8                GPIO_PinModeSet
 .text.LCD_Enable
                0x000018d0       0x38 ./emlib/em_lcd.o
 .text.BUS_RegBitWrite
                0x00001908       0x2c ./emlib/em_lcd.o
 .text.LCD_Init
                0x00001934       0x78 ./emlib/em_lcd.o
                0x00001934                LCD_Init
 .text.LCD_VLCDSelect
                0x000019ac       0x44 ./emlib/em_lcd.o
                0x000019ac                LCD_VLCDSelect
 .text.LCD_SegmentRangeEnable
                0x000019f0       0x40 ./emlib/em_lcd.o
                0x000019f0                LCD_SegmentRangeEnable
 .text.LCD_SegmentSet
                0x00001a30      0x1c8 ./emlib/em_lcd.o
                0x00001a30                LCD_SegmentSet
 .text.LCD_SegmentSetLow
                0x00001bf8      0x17c ./emlib/em_lcd.o
                0x00001bf8                LCD_SegmentSetLow
 .text.LCD_SegmentSetHigh
                0x00001d74      0x17c ./emlib/em_lcd.o
                0x00001d74                LCD_SegmentSetHigh
 .text.LCD_VBoostSet
                0x00001ef0       0x28 ./emlib/em_lcd.o
                0x00001ef0                LCD_VBoostSet
 .text.SYSTEM_ChipRevisionGet
                0x00001f18       0x78 ./emlib/em_system.o
                0x00001f18                SYSTEM_ChipRevisionGet
 .text.TIMER_Valid
                0x00001f90       0x50 ./emlib/em_timer.o
 .text.TIMER_Init
                0x00001fe0       0xe8 ./emlib/em_timer.o
                0x00001fe0                TIMER_Init
 .text.TIMER_CounterGet
                0x000020c8       0x16 ./src/functions.o
 *fill*         0x000020de        0x2 
 .text.turn_off_display
                0x000020e0      0x13c ./src/functions.o
                0x000020e0                turn_off_display
 .text.number_decoder
                0x0000221c      0x2f4 ./src/functions.o
                0x0000221c                number_decoder
 .text.upperCharSegments_0
                0x00002510       0x88 ./src/functions.o
                0x00002510                upperCharSegments_0
 .text.display_length
                0x00002598       0x60 ./src/functions.o
                0x00002598                display_length
 .text.blink_dots
                0x000025f8       0x68 ./src/functions.o
                0x000025f8                blink_dots
 .text.display_position
                0x00002660      0x13c ./src/functions.o
                0x00002660                display_position
 .text.delay    0x0000279c       0x30 ./src/functions.o
                0x0000279c                delay
 .text.G_snake_direction
                0x000027cc       0xc2 ./src/functions.o
                0x000027cc                G_snake_direction
 .text.M_snake_direction
                0x0000288e       0xc2 ./src/functions.o
                0x0000288e                M_snake_direction
 .text.A_snake_direction
                0x00002950       0xc2 ./src/functions.o
                0x00002950                A_snake_direction
 .text.D_snake_direction
                0x00002a12       0xc2 ./src/functions.o
                0x00002a12                D_snake_direction
 .text.F_snake_direction
                0x00002ad4       0x9e ./src/functions.o
                0x00002ad4                F_snake_direction
 .text.E_snake_direction
                0x00002b72       0x9e ./src/functions.o
                0x00002b72                E_snake_direction
 .text.C_snake_direction
                0x00002c10       0x9e ./src/functions.o
                0x00002c10                C_snake_direction
 .text.B_snake_direction
                0x00002cae       0x9e ./src/functions.o
                0x00002cae                B_snake_direction
 .text.calculate_new_head
                0x00002d4c      0x19c ./src/functions.o
                0x00002d4c                calculate_new_head
 .text.convert_int_to_char
                0x00002ee8       0x68 ./src/functions.o
                0x00002ee8                convert_int_to_char
 .text.generate_food
                0x00002f50       0xb4 ./src/functions.o
                0x00002f50                generate_food
 .text.start_init
                0x00003004       0x26 ./src/functions.o
                0x00003004                start_init
 .text.update_direction
                0x0000302a       0x50 ./src/functions.o
                0x0000302a                update_direction
 .text.collision_with_snake
                0x0000307a       0x56 ./src/functions.o
                0x0000307a                collision_with_snake
 .text.collision_with_food
                0x000030d0       0x64 ./src/functions.o
                0x000030d0                collision_with_food
 .text.move     0x00003134      0x138 ./src/functions.o
                0x00003134                move
 .text.__NVIC_EnableIRQ
                0x0000326c       0x38 ./src/main.o
 .text.__NVIC_ClearPendingIRQ
                0x000032a4       0x3c ./src/main.o
 .text.SYSTEM_GetProdRev
                0x000032e0       0x18 ./src/main.o
 .text.GPIO_IntClear
                0x000032f8       0x20 ./src/main.o
 .text.GPIO_IntConfig
                0x00003318       0x36 ./src/main.o
 *fill*         0x0000334e        0x2 
 .text.CHIP_Init
                0x00003350       0x48 ./src/main.o
 .text.TIMER_Valid
                0x00003398       0x50 ./src/main.o
 .text.TIMER_Enable
                0x000033e8       0x2e ./src/main.o
 *fill*         0x00003416        0x2 
 .text.GPIO_EVEN_IRQHandler
                0x00003418       0x1c ./src/main.o
                0x00003418                GPIO_EVEN_IRQHandler
 .text.GPIO_ODD_IRQHandler
                0x00003434       0x1c ./src/main.o
                0x00003434                GPIO_ODD_IRQHandler
 .text.main     0x00003450      0x200 ./src/main.o
                0x00003450                main
 .text.LCD_FreezeEnable
                0x00003650       0x2c ./src/segmentlcd_individual.o
 .text.LCD_SyncBusyDelay
                0x0000367c       0x24 ./src/segmentlcd_individual.o
 .text.SegmentLCD_UpperSegments
                0x000036a0       0xac ./src/segmentlcd_individual.o
                0x000036a0                SegmentLCD_UpperSegments
 .text.SegmentLCD_LowerSegments
                0x0000374c       0xb0 ./src/segmentlcd_individual.o
                0x0000374c                SegmentLCD_LowerSegments
 .text.exit     0x000037fc       0x28 c:/siliconlabs/simplicitystudio/v4/developer/toolchains/gnu_arm/7.2_2017q4/bin/../lib/gcc/arm-none-eabi/7.2.1/../../../../arm-none-eabi/lib/thumb/v7-m\libc_nano.a(lib_a-exit.o)
                0x000037fc                exit
 .text.__libc_init_array
                0x00003824       0x48 c:/siliconlabs/simplicitystudio/v4/developer/toolchains/gnu_arm/7.2_2017q4/bin/../lib/gcc/arm-none-eabi/7.2.1/../../../../arm-none-eabi/lib/thumb/v7-m\libc_nano.a(lib_a-init.o)
                0x00003824                __libc_init_array
 .text.memset   0x0000386c       0x10 c:/siliconlabs/simplicitystudio/v4/developer/toolchains/gnu_arm/7.2_2017q4/bin/../lib/gcc/arm-none-eabi/7.2.1/../../../../arm-none-eabi/lib/thumb/v7-m\libc_nano.a(lib_a-memset.o)
                0x0000386c                memset
 .text._exit    0x0000387c        0x4 c:/siliconlabs/simplicitystudio/v4/developer/toolchains/gnu_arm/7.2_2017q4/bin/../lib/gcc/arm-none-eabi/7.2.1/../../../../arm-none-eabi/lib/thumb/v7-m\libnosys.a(_exit.o)
                0x0000387c                _exit
 *(.init)
 .init          0x00003880        0x4 c:/siliconlabs/simplicitystudio/v4/developer/toolchains/gnu_arm/7.2_2017q4/bin/../lib/gcc/arm-none-eabi/7.2.1/thumb/v7-m/crti.o
                0x00003880                _init
 .init          0x00003884        0x8 c:/siliconlabs/simplicitystudio/v4/developer/toolchains/gnu_arm/7.2_2017q4/bin/../lib/gcc/arm-none-eabi/7.2.1/thumb/v7-m/crtn.o
 *(.fini)
 .fini          0x0000388c        0x4 c:/siliconlabs/simplicitystudio/v4/developer/toolchains/gnu_arm/7.2_2017q4/bin/../lib/gcc/arm-none-eabi/7.2.1/thumb/v7-m/crti.o
                0x0000388c                _fini
 .fini          0x00003890        0x8 c:/siliconlabs/simplicitystudio/v4/developer/toolchains/gnu_arm/7.2_2017q4/bin/../lib/gcc/arm-none-eabi/7.2.1/thumb/v7-m/crtn.o
 *crtbegin.o(.ctors)
 *crtbegin?.o(.ctors)
 *(EXCLUDE_FILE(*crtend.o *crtend?.o) .ctors)
 *(SORT_BY_NAME(.ctors.*))
 *(.ctors)
 *crtbegin.o(.dtors)
 *crtbegin?.o(.dtors)
 *(EXCLUDE_FILE(*crtend.o *crtend?.o) .dtors)
 *(SORT_BY_NAME(.dtors.*))
 *(.dtors)
 *(.rodata*)
 .rodata.lcdInit
                0x00003898       0x14 ./drivers/segmentlcd.o
 .rodata.btnArray
                0x000038ac       0x10 ./emlib/bsp_stk_buttons.o
 .rodata._global_impure_ptr
                0x000038bc        0x4 c:/siliconlabs/simplicitystudio/v4/developer/toolchains/gnu_arm/7.2_2017q4/bin/../lib/gcc/arm-none-eabi/7.2.1/../../../../arm-none-eabi/lib/thumb/v7-m\libc_nano.a(lib_a-impure.o)
                0x000038bc                _global_impure_ptr
 *(.eh_frame*)
 .eh_frame      0x000038c0        0x0 c:/siliconlabs/simplicitystudio/v4/developer/toolchains/gnu_arm/7.2_2017q4/bin/../lib/gcc/arm-none-eabi/7.2.1/thumb/v7-m/crtbegin.o
 .eh_frame      0x000038c0        0x4 c:/siliconlabs/simplicitystudio/v4/developer/toolchains/gnu_arm/7.2_2017q4/bin/../lib/gcc/arm-none-eabi/7.2.1/thumb/v7-m/crtend.o

.glue_7         0x000038c4        0x0
 .glue_7        0x000038c4        0x0 linker stubs

.glue_7t        0x000038c4        0x0
 .glue_7t       0x000038c4        0x0 linker stubs

.vfp11_veneer   0x000038c4        0x0
 .vfp11_veneer  0x000038c4        0x0 linker stubs

.v4_bx          0x000038c4        0x0
 .v4_bx         0x000038c4        0x0 linker stubs

.iplt           0x000038c4        0x0
 .iplt          0x000038c4        0x0 c:/siliconlabs/simplicitystudio/v4/developer/toolchains/gnu_arm/7.2_2017q4/bin/../lib/gcc/arm-none-eabi/7.2.1/thumb/v7-m/crtbegin.o

.ARM.extab
 *(.ARM.extab* .gnu.linkonce.armextab.*)
                0x000038c4                __exidx_start = .

.ARM.exidx      0x000038c4        0x8
 *(.ARM.exidx* .gnu.linkonce.armexidx.*)
 .ARM.exidx     0x000038c4        0x8 c:/siliconlabs/simplicitystudio/v4/developer/toolchains/gnu_arm/7.2_2017q4/bin/../lib/gcc/arm-none-eabi/7.2.1/../../../../arm-none-eabi/lib/thumb/v7-m/crt0.o
                0x000038cc                __exidx_end = .
                0x000038cc                __etext = .

.rel.dyn        0x000038cc        0x0
 .rel.iplt      0x000038cc        0x0 c:/siliconlabs/simplicitystudio/v4/developer/toolchains/gnu_arm/7.2_2017q4/bin/../lib/gcc/arm-none-eabi/7.2.1/thumb/v7-m/crtbegin.o

.data           0x20000000      0x170 load address 0x000038cc
                0x20000000                __data_start__ = .
 *(vtable)
 *(.data*)
 .data.SystemHFXOClock
                0x20000000        0x4 ./CMSIS/EFM32GG/system_efm32gg.o
 .data.SystemLFXOClock
                0x20000004        0x4 ./CMSIS/EFM32GG/system_efm32gg.o
 .data.SystemCoreClock
                0x20000008        0x4 ./CMSIS/EFM32GG/system_efm32gg.o
                0x20000008                SystemCoreClock
 .data.Number   0x2000000c       0x38 ./src/segmentlcd_individual.o
                0x2000000c                Number
 .data.Text     0x20000044       0xc4 ./src/segmentlcd_individual.o
                0x20000044                Text
 .data.impure_data
                0x20000108       0x60 c:/siliconlabs/simplicitystudio/v4/developer/toolchains/gnu_arm/7.2_2017q4/bin/../lib/gcc/arm-none-eabi/7.2.1/../../../../arm-none-eabi/lib/thumb/v7-m\libc_nano.a(lib_a-impure.o)
                0x20000168                . = ALIGN (0x4)
                [!provide]                PROVIDE (__ram_func_section_start, .)
 *(.ram)
                [!provide]                PROVIDE (__ram_func_section_end, .)
                0x20000168                . = ALIGN (0x4)
                0x20000168                PROVIDE (__preinit_array_start, .)
 *(.preinit_array)
                0x20000168                PROVIDE (__preinit_array_end, .)
                0x20000168                . = ALIGN (0x4)
                0x20000168                PROVIDE (__init_array_start, .)
 *(SORT_BY_NAME(.init_array.*))
 *(.init_array)
 .init_array    0x20000168        0x4 c:/siliconlabs/simplicitystudio/v4/developer/toolchains/gnu_arm/7.2_2017q4/bin/../lib/gcc/arm-none-eabi/7.2.1/thumb/v7-m/crtbegin.o
                0x2000016c                PROVIDE (__init_array_end, .)
                0x2000016c                . = ALIGN (0x4)
                [!provide]                PROVIDE (__fini_array_start, .)
 *(SORT_BY_NAME(.fini_array.*))
 *(.fini_array)
 .fini_array    0x2000016c        0x4 c:/siliconlabs/simplicitystudio/v4/developer/toolchains/gnu_arm/7.2_2017q4/bin/../lib/gcc/arm-none-eabi/7.2.1/thumb/v7-m/crtbegin.o
                [!provide]                PROVIDE (__fini_array_end, .)
 *(.jcr*)
                0x20000170                . = ALIGN (0x4)
                0x20000170                __data_end__ = .

.igot.plt       0x20000170        0x0 load address 0x00003a3c
 .igot.plt      0x20000170        0x0 c:/siliconlabs/simplicitystudio/v4/developer/toolchains/gnu_arm/7.2_2017q4/bin/../lib/gcc/arm-none-eabi/7.2.1/thumb/v7-m/crtbegin.o

.bss            0x20000170       0x34 load address 0x00003a3c
                0x20000170                . = ALIGN (0x4)
                0x20000170                __bss_start__ = .
 *(.bss*)
 .bss           0x20000170       0x1c c:/siliconlabs/simplicitystudio/v4/developer/toolchains/gnu_arm/7.2_2017q4/bin/../lib/gcc/arm-none-eabi/7.2.1/thumb/v7-m/crtbegin.o
 .bss.turn_left
                0x2000018c        0x1 ./src/main.o
                0x2000018c                turn_left
 .bss.turn_right
                0x2000018d        0x1 ./src/main.o
                0x2000018d                turn_right
 *(COMMON)
 *fill*         0x2000018e        0x2 
 COMMON         0x20000190       0x12 ./src/functions.o
                0x20000190                upperCharSegments
                0x20000194                lowerCharSegments
                0x200001a4                . = ALIGN (0x4)
 *fill*         0x200001a2        0x2 
                0x200001a4                __bss_end__ = .

.heap           0x200001a8      0xc00
                0x200001a8                __HeapBase = .
                0x200001a8                __end__ = .
                0x200001a8                end = __end__
                0x200001a8                _end = __end__
 *(.heap*)
 .heap          0x200001a8      0xc00 ./CMSIS/EFM32GG/startup_gcc_efm32gg.o
                0x20000da8                __HeapLimit = .

.stack_dummy    0x200001a8      0x400
 *(.stack*)
 .stack         0x200001a8      0x400 ./CMSIS/EFM32GG/startup_gcc_efm32gg.o
                0x20020000                __StackTop = (ORIGIN (RAM) + LENGTH (RAM))
                0x2001fc00                __StackLimit = (__StackTop - SIZEOF (.stack_dummy))
                0x20020000                PROVIDE (__stack, __StackTop)
                0x00000001                ASSERT ((__StackLimit >= __HeapLimit), region RAM overflowed with stack)
                0x00000001                ASSERT ((LENGTH (FLASH) >= (__etext + SIZEOF (.data))), FLASH memory overflowed !)
OUTPUT(Snake.axf elf32-littlearm)

.ARM.attributes
                0x00000000       0x29
 .ARM.attributes
                0x00000000       0x1d c:/siliconlabs/simplicitystudio/v4/developer/toolchains/gnu_arm/7.2_2017q4/bin/../lib/gcc/arm-none-eabi/7.2.1/thumb/v7-m/crti.o
 .ARM.attributes
                0x0000001d       0x2d c:/siliconlabs/simplicitystudio/v4/developer/toolchains/gnu_arm/7.2_2017q4/bin/../lib/gcc/arm-none-eabi/7.2.1/thumb/v7-m/crtbegin.o
 .ARM.attributes
                0x0000004a       0x1b c:/siliconlabs/simplicitystudio/v4/developer/toolchains/gnu_arm/7.2_2017q4/bin/../lib/gcc/arm-none-eabi/7.2.1/../../../../arm-none-eabi/lib/thumb/v7-m/crt0.o
 .ARM.attributes
                0x00000065       0x1b ./CMSIS/EFM32GG/startup_gcc_efm32gg.o
 .ARM.attributes
                0x00000080       0x33 ./CMSIS/EFM32GG/system_efm32gg.o
 .ARM.attributes
                0x000000b3       0x33 ./drivers/segmentlcd.o
 .ARM.attributes
                0x000000e6       0x33 ./emlib/bsp_stk_buttons.o
 .ARM.attributes
                0x00000119       0x33 ./emlib/em_cmu.o
 .ARM.attributes
                0x0000014c       0x33 ./emlib/em_gpio.o
 .ARM.attributes
                0x0000017f       0x33 ./emlib/em_lcd.o
 .ARM.attributes
                0x000001b2       0x33 ./emlib/em_system.o
 .ARM.attributes
                0x000001e5       0x33 ./emlib/em_timer.o
 .ARM.attributes
                0x00000218       0x33 ./src/functions.o
 .ARM.attributes
                0x0000024b       0x33 ./src/main.o
 .ARM.attributes
                0x0000027e       0x33 ./src/segmentlcd_individual.o
 .ARM.attributes
                0x000002b1       0x2d c:/siliconlabs/simplicitystudio/v4/developer/toolchains/gnu_arm/7.2_2017q4/bin/../lib/gcc/arm-none-eabi/7.2.1/../../../../arm-none-eabi/lib/thumb/v7-m\libc_nano.a(lib_a-exit.o)
 .ARM.attributes
                0x000002de       0x2d c:/siliconlabs/simplicitystudio/v4/developer/toolchains/gnu_arm/7.2_2017q4/bin/../lib/gcc/arm-none-eabi/7.2.1/../../../../arm-none-eabi/lib/thumb/v7-m\libc_nano.a(lib_a-impure.o)
 .ARM.attributes
                0x0000030b       0x2d c:/siliconlabs/simplicitystudio/v4/developer/toolchains/gnu_arm/7.2_2017q4/bin/../lib/gcc/arm-none-eabi/7.2.1/../../../../arm-none-eabi/lib/thumb/v7-m\libc_nano.a(lib_a-init.o)
 .ARM.attributes
                0x00000338       0x2d c:/siliconlabs/simplicitystudio/v4/developer/toolchains/gnu_arm/7.2_2017q4/bin/../lib/gcc/arm-none-eabi/7.2.1/../../../../arm-none-eabi/lib/thumb/v7-m\libc_nano.a(lib_a-memset.o)
 .ARM.attributes
                0x00000365       0x2d c:/siliconlabs/simplicitystudio/v4/developer/toolchains/gnu_arm/7.2_2017q4/bin/../lib/gcc/arm-none-eabi/7.2.1/../../../../arm-none-eabi/lib/thumb/v7-m\libnosys.a(_exit.o)
 .ARM.attributes
                0x00000392       0x2d c:/siliconlabs/simplicitystudio/v4/developer/toolchains/gnu_arm/7.2_2017q4/bin/../lib/gcc/arm-none-eabi/7.2.1/thumb/v7-m/crtend.o
 .ARM.attributes
                0x000003bf       0x1d c:/siliconlabs/simplicitystudio/v4/developer/toolchains/gnu_arm/7.2_2017q4/bin/../lib/gcc/arm-none-eabi/7.2.1/thumb/v7-m/crtn.o

.comment        0x00000000       0x7e
 .comment       0x00000000       0x7e ./CMSIS/EFM32GG/system_efm32gg.o
                                 0x7f (size before relaxing)
 .comment       0x0000007e       0x7f ./drivers/segmentlcd.o
 .comment       0x0000007e       0x7f ./emlib/bsp_stk_buttons.o
 .comment       0x0000007e       0x7f ./emlib/em_cmu.o
 .comment       0x0000007e       0x7f ./emlib/em_gpio.o
 .comment       0x0000007e       0x7f ./emlib/em_lcd.o
 .comment       0x0000007e       0x7f ./emlib/em_system.o
 .comment       0x0000007e       0x7f ./emlib/em_timer.o
 .comment       0x0000007e       0x7f ./src/functions.o
 .comment       0x0000007e       0x7f ./src/main.o
 .comment       0x0000007e       0x7f ./src/segmentlcd_individual.o

.debug_line     0x00000000     0x78e8
 .debug_line    0x00000000       0x72 ./CMSIS/EFM32GG/startup_gcc_efm32gg.o
 .debug_line    0x00000072      0x835 ./CMSIS/EFM32GG/system_efm32gg.o
 .debug_line    0x000008a7      0xd79 ./drivers/segmentlcd.o
 .debug_line    0x00001620      0x997 ./emlib/bsp_stk_buttons.o
 .debug_line    0x00001fb7     0x1098 ./emlib/em_cmu.o
 .debug_line    0x0000304f      0x9b7 ./emlib/em_gpio.o
 .debug_line    0x00003a06      0xa0b ./emlib/em_lcd.o
 .debug_line    0x00004411      0x80f ./emlib/em_system.o
 .debug_line    0x00004c20      0xab5 ./emlib/em_timer.o
 .debug_line    0x000056d5      0xe8e ./src/functions.o
 .debug_line    0x00006563      0xb16 ./src/main.o
 .debug_line    0x00007079      0x86f ./src/segmentlcd_individual.o

.debug_info     0x00000000     0x8f67
 .debug_info    0x00000000       0x26 ./CMSIS/EFM32GG/startup_gcc_efm32gg.o
 .debug_info    0x00000026      0x7a7 ./CMSIS/EFM32GG/system_efm32gg.o
 .debug_info    0x000007cd     0x1bfd ./drivers/segmentlcd.o
 .debug_info    0x000023ca      0x6b2 ./emlib/bsp_stk_buttons.o
 .debug_info    0x00002a7c     0x1624 ./emlib/em_cmu.o
 .debug_info    0x000040a0      0x6f4 ./emlib/em_gpio.o
 .debug_info    0x00004794      0xb0e ./emlib/em_lcd.o
 .debug_info    0x000052a2      0x2d6 ./emlib/em_system.o
 .debug_info    0x00005578      0x9e7 ./emlib/em_timer.o
 .debug_info    0x00005f5f     0x16c7 ./src/functions.o
 .debug_info    0x00007626     0x1273 ./src/main.o
 .debug_info    0x00008899      0x6ce ./src/segmentlcd_individual.o

.debug_abbrev   0x00000000     0x1912
 .debug_abbrev  0x00000000       0x14 ./CMSIS/EFM32GG/startup_gcc_efm32gg.o
 .debug_abbrev  0x00000014      0x1eb ./CMSIS/EFM32GG/system_efm32gg.o
 .debug_abbrev  0x000001ff      0x2ba ./drivers/segmentlcd.o
 .debug_abbrev  0x000004b9      0x1e0 ./emlib/bsp_stk_buttons.o
 .debug_abbrev  0x00000699      0x307 ./emlib/em_cmu.o
 .debug_abbrev  0x000009a0      0x21d ./emlib/em_gpio.o
 .debug_abbrev  0x00000bbd      0x24b ./emlib/em_lcd.o
 .debug_abbrev  0x00000e08      0x153 ./emlib/em_system.o
 .debug_abbrev  0x00000f5b      0x234 ./emlib/em_timer.o
 .debug_abbrev  0x0000118f      0x321 ./src/functions.o
 .debug_abbrev  0x000014b0      0x2d4 ./src/main.o
 .debug_abbrev  0x00001784      0x18e ./src/segmentlcd_individual.o

.debug_aranges  0x00000000      0x640
 .debug_aranges
                0x00000000       0x20 ./CMSIS/EFM32GG/startup_gcc_efm32gg.o
 .debug_aranges
                0x00000020       0x70 ./CMSIS/EFM32GG/system_efm32gg.o
 .debug_aranges
                0x00000090       0xc8 ./drivers/segmentlcd.o
 .debug_aranges
                0x00000158       0x40 ./emlib/bsp_stk_buttons.o
 .debug_aranges
                0x00000198      0x180 ./emlib/em_cmu.o
 .debug_aranges
                0x00000318       0x78 ./emlib/em_gpio.o
 .debug_aranges
                0x00000390       0xa8 ./emlib/em_lcd.o
 .debug_aranges
                0x00000438       0x28 ./emlib/em_system.o
 .debug_aranges
                0x00000460       0x60 ./emlib/em_timer.o
 .debug_aranges
                0x000004c0       0xd8 ./src/functions.o
 .debug_aranges
                0x00000598       0x70 ./src/main.o
 .debug_aranges
                0x00000608       0x38 ./src/segmentlcd_individual.o

.debug_str      0x00000000    0xdf675
 .debug_str     0x00000000       0x80 ./CMSIS/EFM32GG/startup_gcc_efm32gg.o
 .debug_str     0x00000080    0xd2816 ./CMSIS/EFM32GG/system_efm32gg.o
                              0xd2e8c (size before relaxing)
 .debug_str     0x000d2896     0x8429 ./drivers/segmentlcd.o
                              0xdb15a (size before relaxing)
 .debug_str     0x000dacbf      0xd2a ./emlib/bsp_stk_buttons.o
                              0xd4f8a (size before relaxing)
 .debug_str     0x000db9e9      0xefc ./emlib/em_cmu.o
                              0xd6cad (size before relaxing)
 .debug_str     0x000dc8e5      0x21b ./emlib/em_gpio.o
                              0xd36c0 (size before relaxing)
 .debug_str     0x000dcb00      0x35f ./emlib/em_lcd.o
                              0xd3326 (size before relaxing)
 .debug_str     0x000dce5f       0xac ./emlib/em_system.o
                              0xd2f55 (size before relaxing)
 .debug_str     0x000dcf0b      0xa94 ./emlib/em_timer.o
                              0xd3643 (size before relaxing)
 .debug_str     0x000dd99f      0xac2 ./src/functions.o
                              0xda4bb (size before relaxing)
 .debug_str     0x000de461      0x3b3 ./src/main.o
                              0xd8381 (size before relaxing)
 .debug_str     0x000de814      0xe61 ./src/segmentlcd_individual.o
                              0xd3c3b (size before relaxing)

.debug_loc      0x00000000     0x343a
 .debug_loc     0x00000000      0x31c ./CMSIS/EFM32GG/system_efm32gg.o
 .debug_loc     0x0000031c      0x66a ./drivers/segmentlcd.o
 .debug_loc     0x00000986      0x19c ./emlib/bsp_stk_buttons.o
 .debug_loc     0x00000b22      0xe4c ./emlib/em_cmu.o
 .debug_loc     0x0000196e      0x420 ./emlib/em_gpio.o
 .debug_loc     0x00001d8e      0x648 ./emlib/em_lcd.o
 .debug_loc     0x000023d6       0xb8 ./emlib/em_system.o
 .debug_loc     0x0000248e      0x2e8 ./emlib/em_timer.o
 .debug_loc     0x00002776      0x836 ./src/functions.o
 .debug_loc     0x00002fac      0x336 ./src/main.o
 .debug_loc     0x000032e2      0x158 ./src/segmentlcd_individual.o

.debug_ranges   0x00000000      0x570
 .debug_ranges  0x00000000       0x60 ./CMSIS/EFM32GG/system_efm32gg.o
 .debug_ranges  0x00000060       0xb8 ./drivers/segmentlcd.o
 .debug_ranges  0x00000118       0x30 ./emlib/bsp_stk_buttons.o
 .debug_ranges  0x00000148      0x170 ./emlib/em_cmu.o
 .debug_ranges  0x000002b8       0x68 ./emlib/em_gpio.o
 .debug_ranges  0x00000320       0x98 ./emlib/em_lcd.o
 .debug_ranges  0x000003b8       0x18 ./emlib/em_system.o
 .debug_ranges  0x000003d0       0x50 ./emlib/em_timer.o
 .debug_ranges  0x00000420       0xc8 ./src/functions.o
 .debug_ranges  0x000004e8       0x60 ./src/main.o
 .debug_ranges  0x00000548       0x28 ./src/segmentlcd_individual.o

.debug_macro    0x00000000    0x2641d
 .debug_macro   0x00000000      0x28e ./CMSIS/EFM32GG/system_efm32gg.o
 .debug_macro   0x0000028e      0xa48 ./CMSIS/EFM32GG/system_efm32gg.o
 .debug_macro   0x00000cd6       0x22 ./CMSIS/EFM32GG/system_efm32gg.o
 .debug_macro   0x00000cf8       0x4f ./CMSIS/EFM32GG/system_efm32gg.o
 .debug_macro   0x00000d47       0x51 ./CMSIS/EFM32GG/system_efm32gg.o
 .debug_macro   0x00000d98       0xef ./CMSIS/EFM32GG/system_efm32gg.o
 .debug_macro   0x00000e87       0x6a ./CMSIS/EFM32GG/system_efm32gg.o
 .debug_macro   0x00000ef1      0x1df ./CMSIS/EFM32GG/system_efm32gg.o
 .debug_macro   0x000010d0      0x39b ./CMSIS/EFM32GG/system_efm32gg.o
 .debug_macro   0x0000146b       0x1c ./CMSIS/EFM32GG/system_efm32gg.o
 .debug_macro   0x00001487       0x22 ./CMSIS/EFM32GG/system_efm32gg.o
 .debug_macro   0x000014a9       0xc3 ./CMSIS/EFM32GG/system_efm32gg.o
 .debug_macro   0x0000156c      0xe18 ./CMSIS/EFM32GG/system_efm32gg.o
 .debug_macro   0x00002384       0xe2 ./CMSIS/EFM32GG/system_efm32gg.o
 .debug_macro   0x00002466     0x2869 ./CMSIS/EFM32GG/system_efm32gg.o
 .debug_macro   0x00004ccf      0x39e ./CMSIS/EFM32GG/system_efm32gg.o
 .debug_macro   0x0000506d     0x3f12 ./CMSIS/EFM32GG/system_efm32gg.o
 .debug_macro   0x00008f7f      0x9a4 ./CMSIS/EFM32GG/system_efm32gg.o
 .debug_macro   0x00009923      0x6eb ./CMSIS/EFM32GG/system_efm32gg.o
 .debug_macro   0x0000a00e      0x283 ./CMSIS/EFM32GG/system_efm32gg.o
 .debug_macro   0x0000a291     0x1e37 ./CMSIS/EFM32GG/system_efm32gg.o
 .debug_macro   0x0000c0c8     0x30cb ./CMSIS/EFM32GG/system_efm32gg.o
 .debug_macro   0x0000f193      0x37f ./CMSIS/EFM32GG/system_efm32gg.o
 .debug_macro   0x0000f512      0x855 ./CMSIS/EFM32GG/system_efm32gg.o
 .debug_macro   0x0000fd67     0x230f ./CMSIS/EFM32GG/system_efm32gg.o
 .debug_macro   0x00012076     0x1bf6 ./CMSIS/EFM32GG/system_efm32gg.o
 .debug_macro   0x00013c6c     0x1709 ./CMSIS/EFM32GG/system_efm32gg.o
 .debug_macro   0x00015375      0x6d8 ./CMSIS/EFM32GG/system_efm32gg.o
 .debug_macro   0x00015a4d     0x106a ./CMSIS/EFM32GG/system_efm32gg.o
 .debug_macro   0x00016ab7     0x1d83 ./CMSIS/EFM32GG/system_efm32gg.o
 .debug_macro   0x0001883a      0x33d ./CMSIS/EFM32GG/system_efm32gg.o
 .debug_macro   0x00018b77      0xa66 ./CMSIS/EFM32GG/system_efm32gg.o
 .debug_macro   0x000195dd      0xfe0 ./CMSIS/EFM32GG/system_efm32gg.o
 .debug_macro   0x0001a5bd      0x894 ./CMSIS/EFM32GG/system_efm32gg.o
 .debug_macro   0x0001ae51      0xf85 ./CMSIS/EFM32GG/system_efm32gg.o
 .debug_macro   0x0001bdd6     0x12a5 ./CMSIS/EFM32GG/system_efm32gg.o
 .debug_macro   0x0001d07b      0xc4a ./CMSIS/EFM32GG/system_efm32gg.o
 .debug_macro   0x0001dcc5      0x74d ./CMSIS/EFM32GG/system_efm32gg.o
 .debug_macro   0x0001e412      0x1c9 ./CMSIS/EFM32GG/system_efm32gg.o
 .debug_macro   0x0001e5db     0x1041 ./CMSIS/EFM32GG/system_efm32gg.o
 .debug_macro   0x0001f61c      0x280 ./CMSIS/EFM32GG/system_efm32gg.o
 .debug_macro   0x0001f89c       0x40 ./CMSIS/EFM32GG/system_efm32gg.o
 .debug_macro   0x0001f8dc      0x250 ./CMSIS/EFM32GG/system_efm32gg.o
 .debug_macro   0x0001fb2c      0x1f0 ./CMSIS/EFM32GG/system_efm32gg.o
 .debug_macro   0x0001fd1c      0x166 ./CMSIS/EFM32GG/system_efm32gg.o
 .debug_macro   0x0001fe82      0x252 ./CMSIS/EFM32GG/system_efm32gg.o
 .debug_macro   0x000200d4     0x1bd7 ./CMSIS/EFM32GG/system_efm32gg.o
 .debug_macro   0x00021cab       0x2e ./CMSIS/EFM32GG/system_efm32gg.o
 .debug_macro   0x00021cd9      0x427 ./CMSIS/EFM32GG/system_efm32gg.o
 .debug_macro   0x00022100      0x427 ./CMSIS/EFM32GG/system_efm32gg.o
 .debug_macro   0x00022527      0x432 ./drivers/segmentlcd.o
 .debug_macro   0x00022959       0x52 ./drivers/segmentlcd.o
 .debug_macro   0x000229ab       0x17 ./drivers/segmentlcd.o
 .debug_macro   0x000229c2       0x55 ./drivers/segmentlcd.o
 .debug_macro   0x00022a17       0x35 ./drivers/segmentlcd.o
 .debug_macro   0x00022a4c       0x9c ./drivers/segmentlcd.o
 .debug_macro   0x00022ae8       0x16 ./drivers/segmentlcd.o
 .debug_macro   0x00022afe       0x57 ./drivers/segmentlcd.o
 .debug_macro   0x00022b55       0x97 ./drivers/segmentlcd.o
 .debug_macro   0x00022bec      0x353 ./drivers/segmentlcd.o
 .debug_macro   0x00022f3f       0xf6 ./drivers/segmentlcd.o
 .debug_macro   0x00023035       0x10 ./drivers/segmentlcd.o
 .debug_macro   0x00023045       0x58 ./drivers/segmentlcd.o
 .debug_macro   0x0002309d       0x1f ./drivers/segmentlcd.o
 .debug_macro   0x000230bc       0x43 ./drivers/segmentlcd.o
 .debug_macro   0x000230ff       0x20 ./drivers/segmentlcd.o
 .debug_macro   0x0002311f      0x18e ./drivers/segmentlcd.o
 .debug_macro   0x000232ad       0x10 ./drivers/segmentlcd.o
 .debug_macro   0x000232bd       0xb6 ./drivers/segmentlcd.o
 .debug_macro   0x00023373       0x16 ./drivers/segmentlcd.o
 .debug_macro   0x00023389      0x129 ./drivers/segmentlcd.o
 .debug_macro   0x000234b2       0x16 ./drivers/segmentlcd.o
 .debug_macro   0x000234c8       0x35 ./drivers/segmentlcd.o
 .debug_macro   0x000234fd       0x16 ./drivers/segmentlcd.o
 .debug_macro   0x00023513       0x22 ./drivers/segmentlcd.o
 .debug_macro   0x00023535       0x22 ./drivers/segmentlcd.o
 .debug_macro   0x00023557       0xbd ./drivers/segmentlcd.o
 .debug_macro   0x00023614       0x10 ./drivers/segmentlcd.o
 .debug_macro   0x00023624       0xcc ./drivers/segmentlcd.o
 .debug_macro   0x000236f0       0x69 ./drivers/segmentlcd.o
 .debug_macro   0x00023759      0x33e ./drivers/segmentlcd.o
 .debug_macro   0x00023a97       0x1d ./drivers/segmentlcd.o
 .debug_macro   0x00023ab4      0x117 ./drivers/segmentlcd.o
 .debug_macro   0x00023bcb       0x22 ./drivers/segmentlcd.o
 .debug_macro   0x00023bed      0x2e5 ./emlib/bsp_stk_buttons.o
 .debug_macro   0x00023ed2       0xb2 ./emlib/bsp_stk_buttons.o
 .debug_macro   0x00023f84       0x76 ./emlib/bsp_stk_buttons.o
 .debug_macro   0x00023ffa       0xf1 ./emlib/bsp_stk_buttons.o
 .debug_macro   0x000240eb       0x3a ./emlib/bsp_stk_buttons.o
 .debug_macro   0x00024125      0x367 ./emlib/em_cmu.o
 .debug_macro   0x0002448c      0x16d ./emlib/em_cmu.o
 .debug_macro   0x000245f9       0x58 ./emlib/em_cmu.o
 .debug_macro   0x00024651      0x34d ./emlib/em_cmu.o
 .debug_macro   0x0002499e       0x25 ./emlib/em_cmu.o
 .debug_macro   0x000249c3       0xee ./emlib/em_cmu.o
 .debug_macro   0x00024ab1       0x1f ./emlib/em_cmu.o
 .debug_macro   0x00024ad0      0x2a7 ./emlib/em_gpio.o
 .debug_macro   0x00024d77       0xc6 ./emlib/em_gpio.o
 .debug_macro   0x00024e3d      0x29b ./emlib/em_lcd.o
 .debug_macro   0x000250d8       0x17 ./emlib/em_lcd.o
 .debug_macro   0x000250ef      0x295 ./emlib/em_system.o
 .debug_macro   0x00025384      0x295 ./emlib/em_timer.o
 .debug_macro   0x00025619       0x79 ./emlib/em_timer.o
 .debug_macro   0x00025692      0x426 ./src/functions.o
 .debug_macro   0x00025ab8       0x16 ./src/functions.o
 .debug_macro   0x00025ace       0x16 ./src/functions.o
 .debug_macro   0x00025ae4      0x10e ./src/functions.o
 .debug_macro   0x00025bf2       0x86 ./src/functions.o
 .debug_macro   0x00025c78       0x16 ./src/functions.o
 .debug_macro   0x00025c8e       0x10 ./src/functions.o
 .debug_macro   0x00025c9e       0x10 ./src/functions.o
 .debug_macro   0x00025cae       0x2e ./src/functions.o
 .debug_macro   0x00025cdc       0x7f ./src/functions.o
 .debug_macro   0x00025d5b      0x328 ./src/main.o
 .debug_macro   0x00026083       0x11 ./src/main.o
 .debug_macro   0x00026094       0xc0 ./src/main.o
 .debug_macro   0x00026154       0x16 ./src/main.o
 .debug_macro   0x0002616a      0x2a3 ./src/segmentlcd_individual.o
 .debug_macro   0x0002640d       0x10 ./src/segmentlcd_individual.o

.debug_frame    0x00000000     0x18dc
 .debug_frame   0x00000000      0x180 ./CMSIS/EFM32GG/system_efm32gg.o
 .debug_frame   0x00000180      0x318 ./drivers/segmentlcd.o
 .debug_frame   0x00000498       0xc8 ./emlib/bsp_stk_buttons.o
 .debug_frame   0x00000560      0x690 ./emlib/em_cmu.o
 .debug_frame   0x00000bf0      0x1e0 ./emlib/em_gpio.o
 .debug_frame   0x00000dd0      0x2d0 ./emlib/em_lcd.o
 .debug_frame   0x000010a0       0x60 ./emlib/em_system.o
 .debug_frame   0x00001100      0x15c ./emlib/em_timer.o
 .debug_frame   0x0000125c      0x3b0 ./src/functions.o
 .debug_frame   0x0000160c      0x194 ./src/main.o
 .debug_frame   0x000017a0       0xa8 ./src/segmentlcd_individual.o
 .debug_frame   0x00001848       0x28 c:/siliconlabs/simplicitystudio/v4/developer/toolchains/gnu_arm/7.2_2017q4/bin/../lib/gcc/arm-none-eabi/7.2.1/../../../../arm-none-eabi/lib/thumb/v7-m\libc_nano.a(lib_a-exit.o)
 .debug_frame   0x00001870       0x2c c:/siliconlabs/simplicitystudio/v4/developer/toolchains/gnu_arm/7.2_2017q4/bin/../lib/gcc/arm-none-eabi/7.2.1/../../../../arm-none-eabi/lib/thumb/v7-m\libc_nano.a(lib_a-init.o)
 .debug_frame   0x0000189c       0x20 c:/siliconlabs/simplicitystudio/v4/developer/toolchains/gnu_arm/7.2_2017q4/bin/../lib/gcc/arm-none-eabi/7.2.1/../../../../arm-none-eabi/lib/thumb/v7-m\libc_nano.a(lib_a-memset.o)
 .debug_frame   0x000018bc       0x20 c:/siliconlabs/simplicitystudio/v4/developer/toolchains/gnu_arm/7.2_2017q4/bin/../lib/gcc/arm-none-eabi/7.2.1/../../../../arm-none-eabi/lib/thumb/v7-m\libnosys.a(_exit.o)
