Archive member included to satisfy reference by file (symbol)

C:/ST/STM32CubeIDE_1.14.1/STM32CubeIDE/plugins/com.st.stm32cube.ide.mcu.externaltools.gnu-tools-for-stm32.12.3.rel1.win32_1.0.100.202403111256/tools/bin/../lib/gcc/arm-none-eabi/12.3.1/../../../../arm-none-eabi/lib/thumb/v7e-m+fp/hard\libc_nano.a(libc_a-exit.o)
                              C:/ST/STM32CubeIDE_1.14.1/STM32CubeIDE/plugins/com.st.stm32cube.ide.mcu.externaltools.gnu-tools-for-stm32.12.3.rel1.win32_1.0.100.202403111256/tools/bin/../lib/gcc/arm-none-eabi/12.3.1/../../../../arm-none-eabi/lib/thumb/v7e-m+fp/hard/crt0.o (exit)
C:/ST/STM32CubeIDE_1.14.1/STM32CubeIDE/plugins/com.st.stm32cube.ide.mcu.externaltools.gnu-tools-for-stm32.12.3.rel1.win32_1.0.100.202403111256/tools/bin/../lib/gcc/arm-none-eabi/12.3.1/../../../../arm-none-eabi/lib/thumb/v7e-m+fp/hard\libc_nano.a(libc_a-nano-vfprintf_float.o)
                              (_printf_float)
C:/ST/STM32CubeIDE_1.14.1/STM32CubeIDE/plugins/com.st.stm32cube.ide.mcu.externaltools.gnu-tools-for-stm32.12.3.rel1.win32_1.0.100.202403111256/tools/bin/../lib/gcc/arm-none-eabi/12.3.1/../../../../arm-none-eabi/lib/thumb/v7e-m+fp/hard\libc_nano.a(libc_a-nano-vfprintf_i.o)
                              C:/ST/STM32CubeIDE_1.14.1/STM32CubeIDE/plugins/com.st.stm32cube.ide.mcu.externaltools.gnu-tools-for-stm32.12.3.rel1.win32_1.0.100.202403111256/tools/bin/../lib/gcc/arm-none-eabi/12.3.1/../../../../arm-none-eabi/lib/thumb/v7e-m+fp/hard\libc_nano.a(libc_a-nano-vfprintf_float.o) (_printf_common)
C:/ST/STM32CubeIDE_1.14.1/STM32CubeIDE/plugins/com.st.stm32cube.ide.mcu.externaltools.gnu-tools-for-stm32.12.3.rel1.win32_1.0.100.202403111256/tools/bin/../lib/gcc/arm-none-eabi/12.3.1/../../../../arm-none-eabi/lib/thumb/v7e-m+fp/hard\libc_nano.a(libc_a-findfp.o)
                              C:/ST/STM32CubeIDE_1.14.1/STM32CubeIDE/plugins/com.st.stm32cube.ide.mcu.externaltools.gnu-tools-for-stm32.12.3.rel1.win32_1.0.100.202403111256/tools/bin/../lib/gcc/arm-none-eabi/12.3.1/../../../../arm-none-eabi/lib/thumb/v7e-m+fp/hard\libc_nano.a(libc_a-exit.o) (__stdio_exit_handler)
C:/ST/STM32CubeIDE_1.14.1/STM32CubeIDE/plugins/com.st.stm32cube.ide.mcu.externaltools.gnu-tools-for-stm32.12.3.rel1.win32_1.0.100.202403111256/tools/bin/../lib/gcc/arm-none-eabi/12.3.1/../../../../arm-none-eabi/lib/thumb/v7e-m+fp/hard\libc_nano.a(libc_a-fwalk.o)
                              C:/ST/STM32CubeIDE_1.14.1/STM32CubeIDE/plugins/com.st.stm32cube.ide.mcu.externaltools.gnu-tools-for-stm32.12.3.rel1.win32_1.0.100.202403111256/tools/bin/../lib/gcc/arm-none-eabi/12.3.1/../../../../arm-none-eabi/lib/thumb/v7e-m+fp/hard\libc_nano.a(libc_a-findfp.o) (_fwalk_sglue)
C:/ST/STM32CubeIDE_1.14.1/STM32CubeIDE/plugins/com.st.stm32cube.ide.mcu.externaltools.gnu-tools-for-stm32.12.3.rel1.win32_1.0.100.202403111256/tools/bin/../lib/gcc/arm-none-eabi/12.3.1/../../../../arm-none-eabi/lib/thumb/v7e-m+fp/hard\libc_nano.a(libc_a-stdio.o)
                              C:/ST/STM32CubeIDE_1.14.1/STM32CubeIDE/plugins/com.st.stm32cube.ide.mcu.externaltools.gnu-tools-for-stm32.12.3.rel1.win32_1.0.100.202403111256/tools/bin/../lib/gcc/arm-none-eabi/12.3.1/../../../../arm-none-eabi/lib/thumb/v7e-m+fp/hard\libc_nano.a(libc_a-findfp.o) (__sread)
C:/ST/STM32CubeIDE_1.14.1/STM32CubeIDE/plugins/com.st.stm32cube.ide.mcu.externaltools.gnu-tools-for-stm32.12.3.rel1.win32_1.0.100.202403111256/tools/bin/../lib/gcc/arm-none-eabi/12.3.1/../../../../arm-none-eabi/lib/thumb/v7e-m+fp/hard\libc_nano.a(libc_a-memset.o)
                              C:/ST/STM32CubeIDE_1.14.1/STM32CubeIDE/plugins/com.st.stm32cube.ide.mcu.externaltools.gnu-tools-for-stm32.12.3.rel1.win32_1.0.100.202403111256/tools/bin/../lib/gcc/arm-none-eabi/12.3.1/../../../../arm-none-eabi/lib/thumb/v7e-m+fp/hard/crt0.o (memset)
C:/ST/STM32CubeIDE_1.14.1/STM32CubeIDE/plugins/com.st.stm32cube.ide.mcu.externaltools.gnu-tools-for-stm32.12.3.rel1.win32_1.0.100.202403111256/tools/bin/../lib/gcc/arm-none-eabi/12.3.1/../../../../arm-none-eabi/lib/thumb/v7e-m+fp/hard\libc_nano.a(libc_a-localeconv.o)
                              C:/ST/STM32CubeIDE_1.14.1/STM32CubeIDE/plugins/com.st.stm32cube.ide.mcu.externaltools.gnu-tools-for-stm32.12.3.rel1.win32_1.0.100.202403111256/tools/bin/../lib/gcc/arm-none-eabi/12.3.1/../../../../arm-none-eabi/lib/thumb/v7e-m+fp/hard\libc_nano.a(libc_a-nano-vfprintf_float.o) (_localeconv_r)
C:/ST/STM32CubeIDE_1.14.1/STM32CubeIDE/plugins/com.st.stm32cube.ide.mcu.externaltools.gnu-tools-for-stm32.12.3.rel1.win32_1.0.100.202403111256/tools/bin/../lib/gcc/arm-none-eabi/12.3.1/../../../../arm-none-eabi/lib/thumb/v7e-m+fp/hard\libc_nano.a(libc_a-closer.o)
                              C:/ST/STM32CubeIDE_1.14.1/STM32CubeIDE/plugins/com.st.stm32cube.ide.mcu.externaltools.gnu-tools-for-stm32.12.3.rel1.win32_1.0.100.202403111256/tools/bin/../lib/gcc/arm-none-eabi/12.3.1/../../../../arm-none-eabi/lib/thumb/v7e-m+fp/hard\libc_nano.a(libc_a-stdio.o) (_close_r)
[...]
Memory Configuration

Name             Origin             Length             Attributes
RAM              0x20000000         0x00020000         xrw
FLASH            0x08000000         0x00080000         xr
*default*        0x00000000         0xffffffff

Linker script and memory map

LOAD C:/ST/STM32CubeIDE_1.14.1/STM32CubeIDE/plugins/com.st.stm32cube.ide.mcu.externaltools.gnu-tools-for-stm32.12.3.rel1.win32_1.0.100.202403111256/tools/bin/../lib/gcc/arm-none-eabi/12.3.1/thumb/v7e-m+fp/hard/crti.o
LOAD C:/ST/STM32CubeIDE_1.14.1/STM32CubeIDE/plugins/com.st.stm32cube.ide.mcu.externaltools.gnu-tools-for-stm32.12.3.rel1.win32_1.0.100.202403111256/tools/bin/../lib/gcc/arm-none-eabi/12.3.1/thumb/v7e-m+fp/hard/crtbegin.o
LOAD C:/ST/STM32CubeIDE_1.14.1/STM32CubeIDE/plugins/com.st.stm32cube.ide.mcu.externaltools.gnu-tools-for-stm32.12.3.rel1.win32_1.0.100.202403111256/tools/bin/../lib/gcc/arm-none-eabi/12.3.1/../../../../arm-none-eabi/lib/thumb/v7e-m+fp/hard/crt0.o
LOAD ./Core/Src/DataProcessing.o
LOAD ./Core/Src/Display.o
LOAD ./Core/Src/elapsed_time.o
LOAD ./Core/Src/gpio.o
LOAD ./Core/Src/main.o
LOAD ./Core/Src/spi.o
LOAD ./Core/Src/stm32f4xx_hal_msp.o
LOAD ./Core/Src/stm32f4xx_it.o
LOAD ./Core/Src/stm32f4xx_nucleo_bus.o
LOAD ./Core/Src/syscalls.o
LOAD ./Core/Src/sysmem.o
LOAD ./Core/Src/system_stm32f4xx.o
LOAD ./Core/Src/tim.o
LOAD ./Core/Src/usart.o
LOAD ./Core/Startup/startup_stm32f446retx.o
LOAD ./Drivers/BSP/Components/lsm6dsl/lsm6dsl.o
LOAD ./Drivers/BSP/Components/lsm6dsl/lsm6dsl_reg.o
LOAD ./Drivers/STM32F4xx_HAL_Driver/Src/stm32f4xx_hal.o
LOAD ./Drivers/STM32F4xx_HAL_Driver/Src/stm32f4xx_hal_cortex.o
LOAD ./Drivers/STM32F4xx_HAL_Driver/Src/stm32f4xx_hal_dma.o
LOAD ./Drivers/STM32F4xx_HAL_Driver/Src/stm32f4xx_hal_dma_ex.o
LOAD ./Drivers/STM32F4xx_HAL_Driver/Src/stm32f4xx_hal_exti.o
LOAD ./Drivers/STM32F4xx_HAL_Driver/Src/stm32f4xx_hal_flash.o
LOAD ./Drivers/STM32F4xx_HAL_Driver/Src/stm32f4xx_hal_flash_ex.o
LOAD ./Drivers/STM32F4xx_HAL_Driver/Src/stm32f4xx_hal_flash_ramfunc.o
LOAD ./Drivers/STM32F4xx_HAL_Driver/Src/stm32f4xx_hal_gpio.o
LOAD ./Drivers/STM32F4xx_HAL_Driver/Src/stm32f4xx_hal_pwr.o
LOAD ./Drivers/STM32F4xx_HAL_Driver/Src/stm32f4xx_hal_pwr_ex.o
LOAD ./Drivers/STM32F4xx_HAL_Driver/Src/stm32f4xx_hal_rcc.o
LOAD ./Drivers/STM32F4xx_HAL_Driver/Src/stm32f4xx_hal_rcc_ex.o
LOAD ./Drivers/STM32F4xx_HAL_Driver/Src/stm32f4xx_hal_spi.o
LOAD ./Drivers/STM32F4xx_HAL_Driver/Src/stm32f4xx_hal_tim.o
LOAD ./Drivers/STM32F4xx_HAL_Driver/Src/stm32f4xx_hal_tim_ex.o
LOAD ./Drivers/STM32F4xx_HAL_Driver/Src/stm32f4xx_hal_uart.o
START GROUP
LOAD C:/ST/STM32CubeIDE_1.14.1/STM32CubeIDE/plugins/com.st.stm32cube.ide.mcu.externaltools.gnu-tools-for-stm32.12.3.rel1.win32_1.0.100.202403111256/tools/bin/../lib/gcc/arm-none-eabi/12.3.1/../../../../arm-none-eabi/lib/thumb/v7e-m+fp/hard\libc_nano.a
LOAD C:/ST/STM32CubeIDE_1.14.1/STM32CubeIDE/plugins/com.st.stm32cube.ide.mcu.externaltools.gnu-tools-for-stm32.12.3.rel1.win32_1.0.100.202403111256/tools/bin/../lib/gcc/arm-none-eabi/12.3.1/../../../../arm-none-eabi/lib/thumb/v7e-m+fp/hard\libm.a
END GROUP
START GROUP
LOAD C:/ST/STM32CubeIDE_1.14.1/STM32CubeIDE/plugins/com.st.stm32cube.ide.mcu.externaltools.gnu-tools-for-stm32.12.3.rel1.win32_1.0.100.202403111256/tools/bin/../lib/gcc/arm-none-eabi/12.3.1/thumb/v7e-m+fp/hard\libgcc.a
LOAD C:/ST/STM32CubeIDE_1.14.1/STM32CubeIDE/plugins/com.st.stm32cube.ide.mcu.externaltools.gnu-tools-for-stm32.12.3.rel1.win32_1.0.100.202403111256/tools/bin/../lib/gcc/arm-none-eabi/12.3.1/../../../../arm-none-eabi/lib/thumb/v7e-m+fp/hard\libc_nano.a
END GROUP
START GROUP
LOAD C:/ST/STM32CubeIDE_1.14.1/STM32CubeIDE/plugins/com.st.stm32cube.ide.mcu.externaltools.gnu-tools-for-stm32.12.3.rel1.win32_1.0.100.202403111256/tools/bin/../lib/gcc/arm-none-eabi/12.3.1/thumb/v7e-m+fp/hard\libgcc.a
LOAD C:/ST/STM32CubeIDE_1.14.1/STM32CubeIDE/plugins/com.st.stm32cube.ide.mcu.externaltools.gnu-tools-for-stm32.12.3.rel1.win32_1.0.100.202403111256/tools/bin/../lib/gcc/arm-none-eabi/12.3.1/../../../../arm-none-eabi/lib/thumb/v7e-m+fp/hard\libc_nano.a
LOAD C:/ST/STM32CubeIDE_1.14.1/STM32CubeIDE/plugins/com.st.stm32cube.ide.mcu.externaltools.gnu-tools-for-stm32.12.3.rel1.win32_1.0.100.202403111256/tools/bin/../lib/gcc/arm-none-eabi/12.3.1/../../../../arm-none-eabi/lib/thumb/v7e-m+fp/hard\libnosys.a
END GROUP
START GROUP
LOAD C:/ST/STM32CubeIDE_1.14.1/STM32CubeIDE/plugins/com.st.stm32cube.ide.mcu.externaltools.gnu-tools-for-stm32.12.3.rel1.win32_1.0.100.202403111256/tools/bin/../lib/gcc/arm-none-eabi/12.3.1/thumb/v7e-m+fp/hard\libgcc.a
LOAD C:/ST/STM32CubeIDE_1.14.1/STM32CubeIDE/plugins/com.st.stm32cube.ide.mcu.externaltools.gnu-tools-for-stm32.12.3.rel1.win32_1.0.100.202403111256/tools/bin/../lib/gcc/arm-none-eabi/12.3.1/../../../../arm-none-eabi/lib/thumb/v7e-m+fp/hard\libc_nano.a
LOAD C:/ST/STM32CubeIDE_1.14.1/STM32CubeIDE/plugins/com.st.stm32cube.ide.mcu.externaltools.gnu-tools-for-stm32.12.3.rel1.win32_1.0.100.202403111256/tools/bin/../lib/gcc/arm-none-eabi/12.3.1/../../../../arm-none-eabi/lib/thumb/v7e-m+fp/hard\libnosys.a
END GROUP
LOAD C:/ST/STM32CubeIDE_1.14.1/STM32CubeIDE/plugins/com.st.stm32cube.ide.mcu.externaltools.gnu-tools-for-stm32.12.3.rel1.win32_1.0.100.202403111256/tools/bin/../lib/gcc/arm-none-eabi/12.3.1/thumb/v7e-m+fp/hard/crtend.o
LOAD C:/ST/STM32CubeIDE_1.14.1/STM32CubeIDE/plugins/com.st.stm32cube.ide.mcu.externaltools.gnu-tools-for-stm32.12.3.rel1.win32_1.0.100.202403111256/tools/bin/../lib/gcc/arm-none-eabi/12.3.1/thumb/v7e-m+fp/hard/crtn.o
                0x20020000                        _estack = (ORIGIN (RAM) + LENGTH (RAM))
                0x00000200                        _Min_Heap_Size = 0x200
                0x00000400                        _Min_Stack_Size = 0x400

.isr_vector     0x08000000      0x1c4
                0x08000000                        . = ALIGN (0x4)
 *(.isr_vector)
 .isr_vector    0x08000000      0x1c4 ./Core/Startup/startup_stm32f446retx.o
                0x08000000                g_pfnVectors
                0x080001c4                        . = ALIGN (0x4)

.text           0x080001d0     0x9918
                0x080001d0                        . = ALIGN (0x4)
 *(.text)
 .text          0x080001d0       0x40 C:/ST/STM32CubeIDE_1.14.1/STM32CubeIDE/plugins/com.st.stm32cube.ide.mcu.externaltools.gnu-tools-for-stm32.12.3.rel1.win32_1.0.100.202403111256/tools/bin/../lib/gcc/arm-none-eabi/12.3.1/thumb/v7e-m+fp/hard/crtbegin.o
 .text          0x08000210       0xa0 C:/ST/STM32CubeIDE_1.14.1/STM32CubeIDE/plugins/com.st.stm32cube.ide.mcu.externaltools.gnu-tools-for-stm32.12.3.rel1.win32_1.0.100.202403111256/tools/bin/../lib/gcc/arm-none-eabi/12.3.1/../../../../arm-none-eabi/lib/thumb/v7e-m+fp/hard\libc_nano.a(libc_a-memchr.o)
                0x08000210                memchr
 .text          0x080002b0       0x10 C:/ST/STM32CubeIDE_1.14.1/STM32CubeIDE/plugins/com.st.stm32cube.ide.mcu.externaltools.gnu-tools-for-stm32.12.3.rel1.win32_1.0.100.202403111256/tools/bin/../lib/gcc/arm-none-eabi/12.3.1/../../../../arm-none-eabi/lib/thumb/v7e-m+fp/hard\libc_nano.a(libc_a-strlen.o)
                0x080002b0                strlen
 .text          0x080002c0      0x378 C:/ST/STM32CubeIDE_1.14.1/STM32CubeIDE/plugins/com.st.stm32cube.ide.mcu.externaltools.gnu-tools-for-stm32.12.3.rel1.win32_1.0.100.202403111256/tools/bin/../lib/gcc/arm-none-eabi/12.3.1/thumb/v7e-m+fp/hard\libgcc.a(_arm_addsubdf3.o)
                0x080002c0                __aeabi_drsub
                0x080002c8                __aeabi_dsub
                0x080002c8                __subdf3
                0x080002cc                __aeabi_dadd
                0x080002cc                __adddf3
                0x08000544                __floatunsidf
                0x08000544                __aeabi_ui2d
                0x08000564                __floatsidf
                0x08000564                __aeabi_i2d
                0x08000588                __aeabi_f2d
                0x08000588                __extendsfdf2
                0x080005cc                __floatundidf
                0x080005cc                __aeabi_ul2d
                0x080005dc                __floatdidf
                0x080005dc                __aeabi_l2d
 .text          0x08000638      0x424 C:/ST/STM32CubeIDE_1.14.1/STM32CubeIDE/plugins/com.st.stm32cube.ide.mcu.externaltools.gnu-tools-for-stm32.12.3.rel1.win32_1.0.100.202403111256/tools/bin/../lib/gcc/arm-none-eabi/12.3.1/thumb/v7e-m+fp/hard\libgcc.a(_arm_muldivdf3.o)
                0x08000638                __aeabi_dmul
                0x08000638                __muldf3
                0x0800088c                __divdf3
                0x0800088c                __aeabi_ddiv
 .text          0x08000a5c      0x110 C:/ST/STM32CubeIDE_1.14.1/STM32CubeIDE/plugins/com.st.stm32cube.ide.mcu.externaltools.gnu-tools-for-stm32.12.3.rel1.win32_1.0.100.202403111256/tools/bin/../lib/gcc/arm-none-eabi/12.3.1/thumb/v7e-m+fp/hard\libgcc.a(_arm_cmpdf2.o)
                0x08000a5c                __gtdf2
                0x08000a5c                __gedf2
                0x08000a64                __ltdf2
                0x08000a64                __ledf2
                0x08000a6c                __nedf2
                0x08000a6c                __eqdf2
                0x08000a6c                __cmpdf2
                0x08000ae8                __aeabi_cdrcmple
                0x08000af8                __aeabi_cdcmpeq
                0x08000af8                __aeabi_cdcmple
                0x08000b08                __aeabi_dcmpeq
                0x08000b1c                __aeabi_dcmplt
                0x08000b30                __aeabi_dcmple
                0x08000b44                __aeabi_dcmpge
                0x08000b58                __aeabi_dcmpgt
 .text          0x08000b6c       0x2c C:/ST/STM32CubeIDE_1.14.1/STM32CubeIDE/plugins/com.st.stm32cube.ide.mcu.externaltools.gnu-tools-for-stm32.12.3.rel1.win32_1.0.100.202403111256/tools/bin/../lib/gcc/arm-none-eabi/12.3.1/thumb/v7e-m+fp/hard\libgcc.a(_arm_unorddf2.o)
                0x08000b6c                __unorddf2
                0x08000b6c                __aeabi_dcmpun
 .text          0x08000b98       0x50 C:/ST/STM32CubeIDE_1.14.1/STM32CubeIDE/plugins/com.st.stm32cube.ide.mcu.externaltools.gnu-tools-for-stm32.12.3.rel1.win32_1.0.100.202403111256/tools/bin/../lib/gcc/arm-none-eabi/12.3.1/thumb/v7e-m+fp/hard\libgcc.a(_arm_fixdfsi.o)
                0x08000b98                __aeabi_d2iz
                0x08000b98                __fixdfsi
 .text          0x08000be8       0x30 C:/ST/STM32CubeIDE_1.14.1/STM32CubeIDE/plugins/com.st.stm32cube.ide.mcu.externaltools.gnu-tools-for-stm32.12.3.rel1.win32_1.0.100.202403111256/tools/bin/../lib/gcc/arm-none-eabi/12.3.1/thumb/v7e-m+fp/hard\libgcc.a(_aeabi_uldivmod.o)
                0x08000be8                __aeabi_uldivmod
 .text          0x08000c18      0x2bc C:/ST/STM32CubeIDE_1.14.1/STM32CubeIDE/plugins/com.st.stm32cube.ide.mcu.externaltools.gnu-tools-for-stm32.12.3.rel1.win32_1.0.100.202403111256/tools/bin/../lib/gcc/arm-none-eabi/12.3.1/thumb/v7e-m+fp/hard\libgcc.a(_udivmoddi4.o)
                0x08000c18                __udivmoddi4
 .text          0x08000ed4        0x4 C:/ST/STM32CubeIDE_1.14.1/STM32CubeIDE/plugins/com.st.stm32cube.ide.mcu.externaltools.gnu-tools-for-stm32.12.3.rel1.win32_1.0.100.202403111256/tools/bin/../lib/gcc/arm-none-eabi/12.3.1/thumb/v7e-m+fp/hard\libgcc.a(_dvmd_tls.o)
                0x08000ed4                __aeabi_idiv0
                0x08000ed4                __aeabi_ldiv0
 *(.text*)
 .text.updateMeanAndCenterData
                0x08000ed8       0x84 ./Core/Src/DataProcessing.o
                0x08000ed8                updateMeanAndCenterData
 .text.calculateAverageAcceleration
                0x08000f5c       0x44 ./Core/Src/DataProcessing.o
                0x08000f5c                calculateAverageAcceleration
 .text.updateAndFilterVelocity
                0x08000fa0       0xa8 ./Core/Src/DataProcessing.o
                0x08000fa0                updateAndFilterVelocity
 .text.updateBaseline
                0x08001048       0x88 ./Core/Src/DataProcessing.o
                0x08001048                updateBaseline
 .text.updateVelocityAndDisplacement
                0x080010d0       0xa8 ./Core/Src/DataProcessing.o
                0x080010d0                updateVelocityAndDisplacement
 .text.handleZeroCrossings
                0x08001178       0xb4 ./Core/Src/DataProcessing.o
                0x08001178                handleZeroCrossings
 *fill*         0x0800122c        0x4 
 .text.update_motion
                0x08001230      0x16c ./Core/Src/DataProcessing.o
                0x08001230                update_motion
 .text.OutputEnable
                0x0800139c       0x18 ./Core/Src/Display.o
                0x0800139c                OutputEnable
 .text.OutputDisable
                0x080013b4       0x18 ./Core/Src/Display.o
                0x080013b4                OutputDisable
 .text.LatchEnable
                0x080013cc       0x18 ./Core/Src/Display.o
                0x080013cc                LatchEnable
 .text.LatchDisable
                0x080013e4       0x18 ./Core/Src/Display.o
                0x080013e4                LatchDisable
 .text.SendLEDData
                0x080013fc       0x40 ./Core/Src/Display.o
                0x080013fc                SendLEDData
 .text.CombineLEDData
                0x0800143c       0x58 ./Core/Src/Display.o
                0x0800143c                CombineLEDData
 .text.CombineAndSendNEW
                0x08001494      0x204 ./Core/Src/Display.o
                0x08001494                CombineAndSendNEW
 .text.calculateDisplayIndex
                0x08001698       0xa8 ./Core/Src/Display.o
                0x08001698                calculateDisplayIndex
 .text.sendDisplayData
                0x08001740       0x5c ./Core/Src/Display.o
                0x08001740                sendDisplayData
 .text.Display  0x0800179c       0x90 ./Core/Src/Display.o
                0x0800179c                Display
 .text.elapsed_time_init
                0x0800182c       0x5c ./Core/Src/elapsed_time.o
                0x0800182c                elapsed_time_init
 .text.elapsed_time_start
                0x08001888       0x2c ./Core/Src/elapsed_time.o
                0x08001888                elapsed_time_start
 .text.elapsed_time_stop
                0x080018b4       0x60 ./Core/Src/elapsed_time.o
                0x080018b4                elapsed_time_stop
 .text.elapsed_time_clr
                0x08001914       0x3c ./Core/Src/elapsed_time.o
                0x08001914                elapsed_time_clr
 .text.MX_GPIO_Init
                0x08001950      0x150 ./Core/Src/gpio.o
                0x08001950                MX_GPIO_Init
 .text.wrap_platform_read
                0x08001aa0       0x58 ./Core/Src/main.o
                0x08001aa0                wrap_platform_read
 .text.wrap_platform_write
                0x08001af8       0x4c ./Core/Src/main.o
                0x08001af8                wrap_platform_write
 .text.HAL_TIM_PeriodElapsedCallback
                0x08001b44       0x28 ./Core/Src/main.o
                0x08001b44                HAL_TIM_PeriodElapsedCallback
 *fill*         0x08001b6c        0x4 
 .text.main     0x08001b70      0x2f8 ./Core/Src/main.o
                0x08001b70                main
 .text.SystemClock_Config
                0x08001e68       0xdc ./Core/Src/main.o
                0x08001e68                SystemClock_Config
 .text.MEMS_Init
                0x08001f44       0xa4 ./Core/Src/main.o
 .text.HAL_GPIO_EXTI_Callback
                0x08001fe8       0x2c ./Core/Src/main.o
                0x08001fe8                HAL_GPIO_EXTI_Callback
 .text._write   0x08002014       0x2c ./Core/Src/main.o
                0x08002014                _write
 .text.Error_Handler
                0x08002040        0xc ./Core/Src/main.o
                0x08002040                Error_Handler
 .text.MX_SPI2_Init
                0x0800204c       0x6c ./Core/Src/spi.o
                0x0800204c                MX_SPI2_Init
 .text.HAL_SPI_MspInit
                0x080020b8       0x90 ./Core/Src/spi.o
                0x080020b8                HAL_SPI_MspInit
 .text.HAL_SPI_MspDeInit
                0x08002148       0x3c ./Core/Src/spi.o
                0x08002148                HAL_SPI_MspDeInit
 .text.HAL_MspInit
                0x08002184       0x50 ./Core/Src/stm32f4xx_hal_msp.o
                0x08002184                HAL_MspInit
 .text.NMI_Handler
                0x080021d4        0x8 ./Core/Src/stm32f4xx_it.o
                0x080021d4                NMI_Handler
 .text.HardFault_Handler
                0x080021dc        0x8 ./Core/Src/stm32f4xx_it.o
                0x080021dc                HardFault_Handler
 .text.MemManage_Handler
                0x080021e4        0x8 ./Core/Src/stm32f4xx_it.o
                0x080021e4                MemManage_Handler
 .text.BusFault_Handler
                0x080021ec        0x8 ./Core/Src/stm32f4xx_it.o
                0x080021ec                BusFault_Handler
 .text.UsageFault_Handler
                0x080021f4        0x8 ./Core/Src/stm32f4xx_it.o
                0x080021f4                UsageFault_Handler
 .text.SVC_Handler
                0x080021fc        0xe ./Core/Src/stm32f4xx_it.o
                0x080021fc                SVC_Handler
 .text.DebugMon_Handler
                0x0800220a        0xe ./Core/Src/stm32f4xx_it.o
                0x0800220a                DebugMon_Handler
 .text.PendSV_Handler
                0x08002218        0xe ./Core/Src/stm32f4xx_it.o
                0x08002218                PendSV_Handler
 .text.SysTick_Handler
                0x08002226        0xc ./Core/Src/stm32f4xx_it.o
                0x08002226                SysTick_Handler
 *fill*         0x08002232        0x2 
 .text.TIM2_IRQHandler
                0x08002234       0x14 ./Core/Src/stm32f4xx_it.o
                0x08002234                TIM2_IRQHandler
 .text.USART2_IRQHandler
                0x08002248       0x14 ./Core/Src/stm32f4xx_it.o
                0x08002248                USART2_IRQHandler
 .text.EXTI15_10_IRQHandler
                0x0800225c       0x18 ./Core/Src/stm32f4xx_it.o
                0x0800225c                EXTI15_10_IRQHandler
 .text.BSP_SPI1_Init
                0x08002274       0x60 ./Core/Src/stm32f4xx_nucleo_bus.o
                0x08002274                BSP_SPI1_Init
 .text.BSP_SPI1_DeInit
                0x080022d4       0x50 ./Core/Src/stm32f4xx_nucleo_bus.o
                0x080022d4                BSP_SPI1_DeInit
 .text.BSP_SPI1_Send
                0x08002324       0x38 ./Core/Src/stm32f4xx_nucleo_bus.o
                0x08002324                BSP_SPI1_Send
 .text.BSP_SPI1_SendRecv
                0x0800235c       0x40 ./Core/Src/stm32f4xx_nucleo_bus.o
                0x0800235c                BSP_SPI1_SendRecv
 .text.BSP_GetTick
                0x0800239c        0xe ./Core/Src/stm32f4xx_nucleo_bus.o
                0x0800239c                BSP_GetTick
 *fill*         0x080023aa        0x2 
 .text.MX_SPI1_Init
                0x080023ac       0x78 ./Core/Src/stm32f4xx_nucleo_bus.o
                0x080023ac                MX_SPI1_Init
 .text.SPI1_MspInit
                0x08002424       0xb0 ./Core/Src/stm32f4xx_nucleo_bus.o
 .text.SPI1_MspDeInit
                0x080024d4       0x3c ./Core/Src/stm32f4xx_nucleo_bus.o
 .text._getpid  0x08002510       0x10 ./Core/Src/syscalls.o
                0x08002510                _getpid
 .text._kill    0x08002520       0x20 ./Core/Src/syscalls.o
                0x08002520                _kill
 .text._exit    0x08002540       0x16 ./Core/Src/syscalls.o
                0x08002540                _exit
 .text._read    0x08002556       0x3a ./Core/Src/syscalls.o
                0x08002556                _read
 .text._close   0x08002590       0x18 ./Core/Src/syscalls.o
                0x08002590                _close
 .text._fstat   0x080025a8       0x20 ./Core/Src/syscalls.o
                0x080025a8                _fstat
 .text._isatty  0x080025c8       0x16 ./Core/Src/syscalls.o
                0x080025c8                _isatty
 .text._lseek   0x080025de       0x1a ./Core/Src/syscalls.o
                0x080025de                _lseek
 .text._sbrk    0x080025f8       0x6c ./Core/Src/sysmem.o
                0x080025f8                _sbrk
 .text.SystemInit
                0x08002664       0x24 ./Core/Src/system_stm32f4xx.o
                0x08002664                SystemInit
 .text.MX_TIM2_Init
                0x08002688       0x98 ./Core/Src/tim.o
                0x08002688                MX_TIM2_Init
 .text.MX_TIM10_Init
                0x08002720       0x48 ./Core/Src/tim.o
                0x08002720                MX_TIM10_Init
 .text.HAL_TIM_Base_MspInit
                0x08002768       0x78 ./Core/Src/tim.o
                0x08002768                HAL_TIM_Base_MspInit
 .text.MX_USART2_UART_Init
                0x080027e0       0x54 ./Core/Src/usart.o
                0x080027e0                MX_USART2_UART_Init
 .text.HAL_UART_MspInit
                0x08002834       0xa0 ./Core/Src/usart.o
                0x08002834                HAL_UART_MspInit
 .text.Reset_Handler
                0x080028d4       0x50 ./Core/Startup/startup_stm32f446retx.o
                0x080028d4                Reset_Handler
 .text.Default_Handler
                0x08002924        0x2 ./Core/Startup/startup_stm32f446retx.o
                0x08002924                RTC_Alarm_IRQHandler
                0x08002924                EXTI2_IRQHandler
                0x08002924                TIM8_CC_IRQHandler
                0x08002924                FMPI2C1_EV_IRQHandler
                0x08002924                SPI4_IRQHandler
                0x08002924                TIM1_CC_IRQHandler
                0x08002924                DMA2_Stream5_IRQHandler
                0x08002924                DMA1_Stream5_IRQHandler
                0x08002924                PVD_IRQHandler
                0x08002924                SDIO_IRQHandler
                0x08002924                TAMP_STAMP_IRQHandler
                0x08002924                CAN2_RX1_IRQHandler
                0x08002924                EXTI3_IRQHandler
                0x08002924                TIM8_TRG_COM_TIM14_IRQHandler
                0x08002924                TIM1_UP_TIM10_IRQHandler
                0x08002924                TIM8_UP_TIM13_IRQHandler
                0x08002924                I2C3_ER_IRQHandler
                0x08002924                EXTI0_IRQHandler
                0x08002924                I2C2_EV_IRQHandler
                0x08002924                DMA1_Stream2_IRQHandler
                0x08002924                CAN1_RX0_IRQHandler
                0x08002924                FPU_IRQHandler
                0x08002924                OTG_HS_WKUP_IRQHandler
                0x08002924                CAN2_SCE_IRQHandler
                0x08002924                DMA2_Stream2_IRQHandler
                0x08002924                SPI1_IRQHandler
                0x08002924                TIM6_DAC_IRQHandler
                0x08002924                TIM1_BRK_TIM9_IRQHandler
                0x08002924                DCMI_IRQHandler
                0x08002924                CAN2_RX0_IRQHandler
                0x08002924                DMA2_Stream3_IRQHandler
                0x08002924                SAI2_IRQHandler
                0x08002924                USART6_IRQHandler
                0x08002924                USART3_IRQHandler
                0x08002924                CAN1_RX1_IRQHandler
                0x08002924                UART5_IRQHandler
                0x08002924                DMA2_Stream0_IRQHandler
                0x08002924                TIM4_IRQHandler
                0x08002924                QUADSPI_IRQHandler
                0x08002924                I2C1_EV_IRQHandler
                0x08002924                DMA1_Stream6_IRQHandler
                0x08002924                DMA1_Stream1_IRQHandler
                0x08002924                UART4_IRQHandler
                0x08002924                TIM3_IRQHandler
                0x08002924                RCC_IRQHandler
                0x08002924                TIM8_BRK_TIM12_IRQHandler
                0x08002924                Default_Handler
                0x08002924                CEC_IRQHandler
                0x08002924                ADC_IRQHandler
                0x08002924                DMA1_Stream7_IRQHandler
                0x08002924                TIM7_IRQHandler
                0x08002924                CAN2_TX_IRQHandler
                0x08002924                TIM5_IRQHandler
                0x08002924                DMA2_Stream7_IRQHandler
                0x08002924                I2C3_EV_IRQHandler
                0x08002924                EXTI9_5_IRQHandler
                0x08002924                RTC_WKUP_IRQHandler
                0x08002924                SPDIF_RX_IRQHandler
                0x08002924                SPI2_IRQHandler
                0x08002924                OTG_HS_EP1_IN_IRQHandler
                0x08002924                DMA1_Stream0_IRQHandler
                0x08002924                CAN1_TX_IRQHandler
                0x08002924                FMPI2C1_ER_IRQHandler
                0x08002924                EXTI4_IRQHandler
                0x08002924                OTG_HS_EP1_OUT_IRQHandler
                0x08002924                WWDG_IRQHandler
                0x08002924                OTG_FS_WKUP_IRQHandler
                0x08002924                TIM1_TRG_COM_TIM11_IRQHandler
                0x08002924                OTG_HS_IRQHandler
                0x08002924                EXTI1_IRQHandler
                0x08002924                I2C2_ER_IRQHandler
                0x08002924                DMA2_Stream1_IRQHandler
                0x08002924                CAN1_SCE_IRQHandler
                0x08002924                FLASH_IRQHandler
                0x08002924                DMA2_Stream4_IRQHandler
                0x08002924                USART1_IRQHandler
                0x08002924                OTG_FS_IRQHandler
                0x08002924                SPI3_IRQHandler
                0x08002924                DMA1_Stream4_IRQHandler
                0x08002924                I2C1_ER_IRQHandler
                0x08002924                FMC_IRQHandler
                0x08002924                DMA2_Stream6_IRQHandler
                0x08002924                SAI1_IRQHandler
                0x08002924                DMA1_Stream3_IRQHandler
 *fill*         0x08002926        0x2 
 .text.LSM6DSL_RegisterBusIO
                0x08002928       0xd4 ./Drivers/BSP/Components/lsm6dsl/lsm6dsl.o
                0x08002928                LSM6DSL_RegisterBusIO
 .text.LSM6DSL_Init
                0x080029fc       0xd2 ./Drivers/BSP/Components/lsm6dsl/lsm6dsl.o
                0x080029fc                LSM6DSL_Init
 .text.LSM6DSL_ReadID
                0x08002ace       0x2c ./Drivers/BSP/Components/lsm6dsl/lsm6dsl.o
                0x08002ace                LSM6DSL_ReadID
 .text.LSM6DSL_ACC_Enable
                0x08002afa       0x48 ./Drivers/BSP/Components/lsm6dsl/lsm6dsl.o
                0x08002afa                LSM6DSL_ACC_Enable
 *fill*         0x08002b42        0x2 
 .text.LSM6DSL_ACC_GetSensitivity
                0x08002b44       0x8c ./Drivers/BSP/Components/lsm6dsl/lsm6dsl.o
                0x08002b44                LSM6DSL_ACC_GetSensitivity
 .text.LSM6DSL_ACC_GetOutputDataRate
                0x08002bd0      0x108 ./Drivers/BSP/Components/lsm6dsl/lsm6dsl.o
                0x08002bd0                LSM6DSL_ACC_GetOutputDataRate
 .text.LSM6DSL_ACC_SetOutputDataRate
                0x08002cd8       0x38 ./Drivers/BSP/Components/lsm6dsl/lsm6dsl.o
                0x08002cd8                LSM6DSL_ACC_SetOutputDataRate
 .text.LSM6DSL_ACC_SetFullScale
                0x08002d10       0x50 ./Drivers/BSP/Components/lsm6dsl/lsm6dsl.o
                0x08002d10                LSM6DSL_ACC_SetFullScale
 .text.LSM6DSL_ACC_GetAxesRaw
                0x08002d60       0x48 ./Drivers/BSP/Components/lsm6dsl/lsm6dsl.o
                0x08002d60                LSM6DSL_ACC_GetAxesRaw
 .text.LSM6DSL_ACC_GetAxes
                0x08002da8       0xae ./Drivers/BSP/Components/lsm6dsl/lsm6dsl.o
                0x08002da8                LSM6DSL_ACC_GetAxes
 .text.LSM6DSL_Write_Reg
                0x08002e56       0x36 ./Drivers/BSP/Components/lsm6dsl/lsm6dsl.o
                0x08002e56                LSM6DSL_Write_Reg
 .text.LSM6DSL_ACC_Set_INT1_DRDY
                0x08002e8c       0x68 ./Drivers/BSP/Components/lsm6dsl/lsm6dsl.o
                0x08002e8c                LSM6DSL_ACC_Set_INT1_DRDY
 .text.LSM6DSL_ACC_SetOutputDataRate_When_Enabled
                0x08002ef4      0x118 ./Drivers/BSP/Components/lsm6dsl/lsm6dsl.o
 .text.LSM6DSL_ACC_SetOutputDataRate_When_Disabled
                0x0800300c      0x104 ./Drivers/BSP/Components/lsm6dsl/lsm6dsl.o
 .text.ReadRegWrap
                0x08003110       0x36 ./Drivers/BSP/Components/lsm6dsl/lsm6dsl.o
 .text.WriteRegWrap
                0x08003146       0x36 ./Drivers/BSP/Components/lsm6dsl/lsm6dsl.o
 .text.lsm6dsl_read_reg
                0x0800317c       0x30 ./Drivers/BSP/Components/lsm6dsl/lsm6dsl_reg.o
                0x0800317c                lsm6dsl_read_reg
 .text.lsm6dsl_write_reg
                0x080031ac       0x30 ./Drivers/BSP/Components/lsm6dsl/lsm6dsl_reg.o
                0x080031ac                lsm6dsl_write_reg
 .text.lsm6dsl_xl_full_scale_set
                0x080031dc       0x4c ./Drivers/BSP/Components/lsm6dsl/lsm6dsl_reg.o
                0x080031dc                lsm6dsl_xl_full_scale_set
 .text.lsm6dsl_xl_full_scale_get
                0x08003228       0x70 ./Drivers/BSP/Components/lsm6dsl/lsm6dsl_reg.o
                0x08003228                lsm6dsl_xl_full_scale_get
 .text.lsm6dsl_xl_data_rate_set
                0x08003298       0x4c ./Drivers/BSP/Components/lsm6dsl/lsm6dsl_reg.o
                0x08003298                lsm6dsl_xl_data_rate_set
 .text.lsm6dsl_xl_data_rate_get
                0x080032e4       0xd0 ./Drivers/BSP/Components/lsm6dsl/lsm6dsl_reg.o
                0x080032e4                lsm6dsl_xl_data_rate_get
 .text.lsm6dsl_gy_full_scale_set
                0x080033b4       0x4c ./Drivers/BSP/Components/lsm6dsl/lsm6dsl_reg.o
                0x080033b4                lsm6dsl_gy_full_scale_set
 .text.lsm6dsl_gy_data_rate_set
                0x08003400       0x4c ./Drivers/BSP/Components/lsm6dsl/lsm6dsl_reg.o
                0x08003400                lsm6dsl_gy_data_rate_set
 .text.lsm6dsl_block_data_update_set
                0x0800344c       0x4c ./Drivers/BSP/Components/lsm6dsl/lsm6dsl_reg.o
                0x0800344c                lsm6dsl_block_data_update_set
 .text.lsm6dsl_acceleration_raw_get
                0x08003498       0x90 ./Drivers/BSP/Components/lsm6dsl/lsm6dsl_reg.o
                0x08003498                lsm6dsl_acceleration_raw_get
 .text.lsm6dsl_device_id_get
                0x08003528       0x22 ./Drivers/BSP/Components/lsm6dsl/lsm6dsl_reg.o
                0x08003528                lsm6dsl_device_id_get
 .text.lsm6dsl_auto_increment_set
                0x0800354a       0x4c ./Drivers/BSP/Components/lsm6dsl/lsm6dsl_reg.o
                0x0800354a                lsm6dsl_auto_increment_set
 .text.lsm6dsl_pin_int1_route_set
                0x08003596      0x2c6 ./Drivers/BSP/Components/lsm6dsl/lsm6dsl_reg.o
                0x08003596                lsm6dsl_pin_int1_route_set
 .text.lsm6dsl_pin_int1_route_get
                0x0800385c      0x1ac ./Drivers/BSP/Components/lsm6dsl/lsm6dsl_reg.o
                0x0800385c                lsm6dsl_pin_int1_route_get
 .text.lsm6dsl_fifo_mode_set
                0x08003a08       0x4c ./Drivers/BSP/Components/lsm6dsl/lsm6dsl_reg.o
                0x08003a08                lsm6dsl_fifo_mode_set
 .text.HAL_Init
                0x08003a54       0x44 ./Drivers/STM32F4xx_HAL_Driver/Src/stm32f4xx_hal.o
                0x08003a54                HAL_Init
 .text.HAL_InitTick
                0x08003a98       0x60 ./Drivers/STM32F4xx_HAL_Driver/Src/stm32f4xx_hal.o
                0x08003a98                HAL_InitTick
 .text.HAL_IncTick
                0x08003af8       0x28 ./Drivers/STM32F4xx_HAL_Driver/Src/stm32f4xx_hal.o
                0x08003af8                HAL_IncTick
 .text.HAL_GetTick
                0x08003b20       0x18 ./Drivers/STM32F4xx_HAL_Driver/Src/stm32f4xx_hal.o
                0x08003b20                HAL_GetTick
 .text.__NVIC_SetPriorityGrouping
                0x08003b38       0x48 ./Drivers/STM32F4xx_HAL_Driver/Src/stm32f4xx_hal_cortex.o
 .text.__NVIC_GetPriorityGrouping
                0x08003b80       0x1c ./Drivers/STM32F4xx_HAL_Driver/Src/stm32f4xx_hal_cortex.o
 .text.__NVIC_EnableIRQ
                0x08003b9c       0x3c ./Drivers/STM32F4xx_HAL_Driver/Src/stm32f4xx_hal_cortex.o
 .text.__NVIC_SetPriority
                0x08003bd8       0x54 ./Drivers/STM32F4xx_HAL_Driver/Src/stm32f4xx_hal_cortex.o
 .text.NVIC_EncodePriority
                0x08003c2c       0x66 ./Drivers/STM32F4xx_HAL_Driver/Src/stm32f4xx_hal_cortex.o
 *fill*         0x08003c92        0x2 
 .text.SysTick_Config
                0x08003c94       0x44 ./Drivers/STM32F4xx_HAL_Driver/Src/stm32f4xx_hal_cortex.o
 .text.HAL_NVIC_SetPriorityGrouping
                0x08003cd8       0x16 ./Drivers/STM32F4xx_HAL_Driver/Src/stm32f4xx_hal_cortex.o
                0x08003cd8                HAL_NVIC_SetPriorityGrouping
 .text.HAL_NVIC_SetPriority
                0x08003cee       0x38 ./Drivers/STM32F4xx_HAL_Driver/Src/stm32f4xx_hal_cortex.o
                0x08003cee                HAL_NVIC_SetPriority
 .text.HAL_NVIC_EnableIRQ
                0x08003d26       0x1c ./Drivers/STM32F4xx_HAL_Driver/Src/stm32f4xx_hal_cortex.o
                0x08003d26                HAL_NVIC_EnableIRQ
 .text.HAL_SYSTICK_Config
                0x08003d42       0x18 ./Drivers/STM32F4xx_HAL_Driver/Src/stm32f4xx_hal_cortex.o
                0x08003d42                HAL_SYSTICK_Config
 .text.HAL_DMA_Abort
                0x08003d5a       0xe0 ./Drivers/STM32F4xx_HAL_Driver/Src/stm32f4xx_hal_dma.o
                0x08003d5a                HAL_DMA_Abort
 .text.HAL_DMA_Abort_IT
                0x08003e3a       0x44 ./Drivers/STM32F4xx_HAL_Driver/Src/stm32f4xx_hal_dma.o
                0x08003e3a                HAL_DMA_Abort_IT
 *fill*         0x08003e7e        0x2 
 .text.HAL_GPIO_Init
                0x08003e80      0x328 ./Drivers/STM32F4xx_HAL_Driver/Src/stm32f4xx_hal_gpio.o
                0x08003e80                HAL_GPIO_Init
 .text.HAL_GPIO_DeInit
                0x080041a8      0x1e8 ./Drivers/STM32F4xx_HAL_Driver/Src/stm32f4xx_hal_gpio.o
                0x080041a8                HAL_GPIO_DeInit
 .text.HAL_GPIO_WritePin
                0x08004390       0x32 ./Drivers/STM32F4xx_HAL_Driver/Src/stm32f4xx_hal_gpio.o
                0x08004390                HAL_GPIO_WritePin
 *fill*         0x080043c2        0x2 
 .text.HAL_GPIO_EXTI_IRQHandler
                0x080043c4       0x30 ./Drivers/STM32F4xx_HAL_Driver/Src/stm32f4xx_hal_gpio.o
                0x080043c4                HAL_GPIO_EXTI_IRQHandler
 .text.HAL_RCC_ClockConfig
                0x080043f4      0x1cc ./Drivers/STM32F4xx_HAL_Driver/Src/stm32f4xx_hal_rcc.o
                0x080043f4                HAL_RCC_ClockConfig
 .text.HAL_RCC_GetHCLKFreq
                0x080045c0       0x18 ./Drivers/STM32F4xx_HAL_Driver/Src/stm32f4xx_hal_rcc.o
                0x080045c0                HAL_RCC_GetHCLKFreq
 .text.HAL_RCC_GetPCLK1Freq
                0x080045d8       0x28 ./Drivers/STM32F4xx_HAL_Driver/Src/stm32f4xx_hal_rcc.o
                0x080045d8                HAL_RCC_GetPCLK1Freq
 .text.HAL_RCC_GetPCLK2Freq
                0x08004600       0x28 ./Drivers/STM32F4xx_HAL_Driver/Src/stm32f4xx_hal_rcc.o
                0x08004600                HAL_RCC_GetPCLK2Freq
 .text.HAL_RCC_GetSysClockFreq
                0x08004628      0x460 ./Drivers/STM32F4xx_HAL_Driver/Src/stm32f4xx_hal_rcc_ex.o
                0x08004628                HAL_RCC_GetSysClockFreq
 .text.HAL_RCC_OscConfig
                0x08004a88      0x53c ./Drivers/STM32F4xx_HAL_Driver/Src/stm32f4xx_hal_rcc_ex.o
                0x08004a88                HAL_RCC_OscConfig
 .text.HAL_SPI_Init
                0x08004fc4      0x112 ./Drivers/STM32F4xx_HAL_Driver/Src/stm32f4xx_hal_spi.o
                0x08004fc4                HAL_SPI_Init
 .text.HAL_SPI_DeInit
                0x080050d6       0x50 ./Drivers/STM32F4xx_HAL_Driver/Src/stm32f4xx_hal_spi.o
                0x080050d6                HAL_SPI_DeInit
 .text.HAL_SPI_Transmit
                0x08005126      0x286 ./Drivers/STM32F4xx_HAL_Driver/Src/stm32f4xx_hal_spi.o
                0x08005126                HAL_SPI_Transmit
 .text.HAL_SPI_TransmitReceive
                0x080053ac      0x360 ./Drivers/STM32F4xx_HAL_Driver/Src/stm32f4xx_hal_spi.o
                0x080053ac                HAL_SPI_TransmitReceive
 .text.HAL_SPI_GetState
                0x0800570c       0x1c ./Drivers/STM32F4xx_HAL_Driver/Src/stm32f4xx_hal_spi.o
                0x0800570c                HAL_SPI_GetState
 .text.SPI_WaitFlagStateUntilTimeout
                0x08005728      0x110 ./Drivers/STM32F4xx_HAL_Driver/Src/stm32f4xx_hal_spi.o
 .text.SPI_EndRxTxTransaction
                0x08005838       0xa8 ./Drivers/STM32F4xx_HAL_Driver/Src/stm32f4xx_hal_spi.o
 .text.HAL_TIM_Base_Init
                0x080058e0       0x9e ./Drivers/STM32F4xx_HAL_Driver/Src/stm32f4xx_hal_tim.o
                0x080058e0                HAL_TIM_Base_Init
 *fill*         0x0800597e        0x2 
 .text.HAL_TIM_Base_Start_IT
                0x08005980       0xe0 ./Drivers/STM32F4xx_HAL_Driver/Src/stm32f4xx_hal_tim.o
                0x08005980                HAL_TIM_Base_Start_IT
 .text.HAL_TIM_IRQHandler
                0x08005a60      0x1e0 ./Drivers/STM32F4xx_HAL_Driver/Src/stm32f4xx_hal_tim.o
                0x08005a60                HAL_TIM_IRQHandler
 .text.HAL_TIM_ConfigClockSource
                0x08005c40      0x18e ./Drivers/STM32F4xx_HAL_Driver/Src/stm32f4xx_hal_tim.o
                0x08005c40                HAL_TIM_ConfigClockSource
 .text.HAL_TIM_OC_DelayElapsedCallback
                0x08005dce       0x14 ./Drivers/STM32F4xx_HAL_Driver/Src/stm32f4xx_hal_tim.o
                0x08005dce                HAL_TIM_OC_DelayElapsedCallback
 .text.HAL_TIM_IC_CaptureCallback
                0x08005de2       0x14 ./Drivers/STM32F4xx_HAL_Driver/Src/stm32f4xx_hal_tim.o
                0x08005de2                HAL_TIM_IC_CaptureCallback
 .text.HAL_TIM_PWM_PulseFinishedCallback
                0x08005df6       0x14 ./Drivers/STM32F4xx_HAL_Driver/Src/stm32f4xx_hal_tim.o
                0x08005df6                HAL_TIM_PWM_PulseFinishedCallback
 .text.HAL_TIM_TriggerCallback
                0x08005e0a       0x14 ./Drivers/STM32F4xx_HAL_Driver/Src/stm32f4xx_hal_tim.o
                0x08005e0a                HAL_TIM_TriggerCallback
 *fill*         0x08005e1e        0x2 
 .text.TIM_Base_SetConfig
                0x08005e20      0x158 ./Drivers/STM32F4xx_HAL_Driver/Src/stm32f4xx_hal_tim.o
                0x08005e20                TIM_Base_SetConfig
 .text.TIM_TI1_ConfigInputStage
                0x08005f78       0x5e ./Drivers/STM32F4xx_HAL_Driver/Src/stm32f4xx_hal_tim.o
 .text.TIM_TI2_ConfigInputStage
                0x08005fd6       0x60 ./Drivers/STM32F4xx_HAL_Driver/Src/stm32f4xx_hal_tim.o
 .text.TIM_ITRx_SetConfig
                0x08006036       0x36 ./Drivers/STM32F4xx_HAL_Driver/Src/stm32f4xx_hal_tim.o
 .text.TIM_ETR_SetConfig
                0x0800606c       0x40 ./Drivers/STM32F4xx_HAL_Driver/Src/stm32f4xx_hal_tim.o
                0x0800606c                TIM_ETR_SetConfig
 .text.HAL_TIMEx_MasterConfigSynchronization
                0x080060ac       0xf8 ./Drivers/STM32F4xx_HAL_Driver/Src/stm32f4xx_hal_tim_ex.o
                0x080060ac                HAL_TIMEx_MasterConfigSynchronization
 .text.HAL_TIMEx_CommutCallback
                0x080061a4       0x14 ./Drivers/STM32F4xx_HAL_Driver/Src/stm32f4xx_hal_tim_ex.o
                0x080061a4                HAL_TIMEx_CommutCallback
 .text.HAL_TIMEx_BreakCallback
                0x080061b8       0x14 ./Drivers/STM32F4xx_HAL_Driver/Src/stm32f4xx_hal_tim_ex.o
                0x080061b8                HAL_TIMEx_BreakCallback
 .text.HAL_UART_Init
                0x080061cc       0xa0 ./Drivers/STM32F4xx_HAL_Driver/Src/stm32f4xx_hal_uart.o
                0x080061cc                HAL_UART_Init
 .text.HAL_UART_Transmit
                0x0800626c      0x116 ./Drivers/STM32F4xx_HAL_Driver/Src/stm32f4xx_hal_uart.o
                0x0800626c                HAL_UART_Transmit
 *fill*         0x08006382        0x2 
 .text.HAL_UART_IRQHandler
                0x08006384      0x524 ./Drivers/STM32F4xx_HAL_Driver/Src/stm32f4xx_hal_uart.o
                0x08006384                HAL_UART_IRQHandler
 .text.HAL_UART_TxCpltCallback
                0x080068a8       0x14 ./Drivers/STM32F4xx_HAL_Driver/Src/stm32f4xx_hal_uart.o
                0x080068a8                HAL_UART_TxCpltCallback
 .text.HAL_UART_RxCpltCallback
                0x080068bc       0x14 ./Drivers/STM32F4xx_HAL_Driver/Src/stm32f4xx_hal_uart.o
                0x080068bc                HAL_UART_RxCpltCallback
 .text.HAL_UART_ErrorCallback
                0x080068d0       0x14 ./Drivers/STM32F4xx_HAL_Driver/Src/stm32f4xx_hal_uart.o
                0x080068d0                HAL_UART_ErrorCallback
 .text.HAL_UARTEx_RxEventCallback
                0x080068e4       0x18 ./Drivers/STM32F4xx_HAL_Driver/Src/stm32f4xx_hal_uart.o
                0x080068e4                HAL_UARTEx_RxEventCallback
 .text.UART_WaitOnFlagUntilTimeout
                0x080068fc       0xb2 ./Drivers/STM32F4xx_HAL_Driver/Src/stm32f4xx_hal_uart.o
 .text.UART_EndRxTransfer
                0x080069ae       0xc6 ./Drivers/STM32F4xx_HAL_Driver/Src/stm32f4xx_hal_uart.o
 .text.UART_DMAAbortOnError
                0x08006a74       0x28 ./Drivers/STM32F4xx_HAL_Driver/Src/stm32f4xx_hal_uart.o
 .text.UART_Transmit_IT
                0x08006a9c       0xa0 ./Drivers/STM32F4xx_HAL_Driver/Src/stm32f4xx_hal_uart.o
 .text.UART_EndTransmit_IT
                0x08006b3c       0x30 ./Drivers/STM32F4xx_HAL_Driver/Src/stm32f4xx_hal_uart.o
 .text.UART_Receive_IT
                0x08006b6c      0x17c ./Drivers/STM32F4xx_HAL_Driver/Src/stm32f4xx_hal_uart.o
 .text.UART_SetConfig
                0x08006ce8      0x4e8 ./Drivers/STM32F4xx_HAL_Driver/Src/stm32f4xx_hal_uart.o
 .text.__cvt    0x080071d0       0xca C:/ST/STM32CubeIDE_1.14.1/STM32CubeIDE/plugins/com.st.stm32cube.ide.mcu.externaltools.gnu-tools-for-stm32.12.3.rel1.win32_1.0.100.202403111256/tools/bin/../lib/gcc/arm-none-eabi/12.3.1/../../../../arm-none-eabi/lib/thumb/v7e-m+fp/hard\libc_nano.a(libc_a-nano-vfprintf_float.o)
                0x080071d0                __cvt
 .text.__exponent
                0x0800729a       0x74 C:/ST/STM32CubeIDE_1.14.1/STM32CubeIDE/plugins/com.st.stm32cube.ide.mcu.externaltools.gnu-tools-for-stm32.12.3.rel1.win32_1.0.100.202403111256/tools/bin/../lib/gcc/arm-none-eabi/12.3.1/../../../../arm-none-eabi/lib/thumb/v7e-m+fp/hard\libc_nano.a(libc_a-nano-vfprintf_float.o)
                0x0800729a                __exponent
 *fill*         0x0800730e        0x2 
 .text._printf_float
                0x08007310      0x454 C:/ST/STM32CubeIDE_1.14.1/STM32CubeIDE/plugins/com.st.stm32cube.ide.mcu.externaltools.gnu-tools-for-stm32.12.3.rel1.win32_1.0.100.202403111256/tools/bin/../lib/gcc/arm-none-eabi/12.3.1/../../../../arm-none-eabi/lib/thumb/v7e-m+fp/hard\libc_nano.a(libc_a-nano-vfprintf_float.o)
                0x08007310                _printf_float
 .text._printf_common
                0x08007764       0xda C:/ST/STM32CubeIDE_1.14.1/STM32CubeIDE/plugins/com.st.stm32cube.ide.mcu.externaltools.gnu-tools-for-stm32.12.3.rel1.win32_1.0.100.202403111256/tools/bin/../lib/gcc/arm-none-eabi/12.3.1/../../../../arm-none-eabi/lib/thumb/v7e-m+fp/hard\libc_nano.a(libc_a-nano-vfprintf_i.o)
                0x08007764                _printf_common
 *fill*         0x0800783e        0x2 
 .text._printf_i
                0x08007840      0x240 C:/ST/STM32CubeIDE_1.14.1/STM32CubeIDE/plugins/com.st.stm32cube.ide.mcu.externaltools.gnu-tools-for-stm32.12.3.rel1.win32_1.0.100.202403111256/tools/bin/../lib/gcc/arm-none-eabi/12.3.1/../../../../arm-none-eabi/lib/thumb/v7e-m+fp/hard\libc_nano.a(libc_a-nano-vfprintf_i.o)
                0x08007840                _printf_i
 .text.std      0x08007a80       0x6c C:/ST/STM32CubeIDE_1.14.1/STM32CubeIDE/plugins/com.st.stm32cube.ide.mcu.externaltools.gnu-tools-for-stm32.12.3.rel1.win32_1.0.100.202403111256/tools/bin/../lib/gcc/arm-none-eabi/12.3.1/../../../../arm-none-eabi/lib/thumb/v7e-m+fp/hard\libc_nano.a(libc_a-findfp.o)
 .text.stdio_exit_handler
                0x08007aec       0x18 C:/ST/STM32CubeIDE_1.14.1/STM32CubeIDE/plugins/com.st.stm32cube.ide.mcu.externaltools.gnu-tools-for-stm32.12.3.rel1.win32_1.0.100.202403111256/tools/bin/../lib/gcc/arm-none-eabi/12.3.1/../../../../arm-none-eabi/lib/thumb/v7e-m+fp/hard\libc_nano.a(libc_a-findfp.o)
 .text.cleanup_stdio
                0x08007b04       0x40 C:/ST/STM32CubeIDE_1.14.1/STM32CubeIDE/plugins/com.st.stm32cube.ide.mcu.externaltools.gnu-tools-for-stm32.12.3.rel1.win32_1.0.100.202403111256/tools/bin/../lib/gcc/arm-none-eabi/12.3.1/../../../../arm-none-eabi/lib/thumb/v7e-m+fp/hard\libc_nano.a(libc_a-findfp.o)
 .text.global_stdio_init.part.0
                0x08007b44       0x3c C:/ST/STM32CubeIDE_1.14.1/STM32CubeIDE/plugins/com.st.stm32cube.ide.mcu.externaltools.gnu-tools-for-stm32.12.3.rel1.win32_1.0.100.202403111256/tools/bin/../lib/gcc/arm-none-eabi/12.3.1/../../../../arm-none-eabi/lib/thumb/v7e-m+fp/hard\libc_nano.a(libc_a-findfp.o)
 .text.__sfp_lock_acquire
                0x08007b80        0xc C:/ST/STM32CubeIDE_1.14.1/STM32CubeIDE/plugins/com.st.stm32cube.ide.mcu.externaltools.gnu-tools-for-stm32.12.3.rel1.win32_1.0.100.202403111256/tools/bin/../lib/gcc/arm-none-eabi/12.3.1/../../../../arm-none-eabi/lib/thumb/v7e-m+fp/hard\libc_nano.a(libc_a-findfp.o)
                0x08007b80                __sfp_lock_acquire
 .text.__sfp_lock_release
                0x08007b8c        0xc C:/ST/STM32CubeIDE_1.14.1/STM32CubeIDE/plugins/com.st.stm32cube.ide.mcu.externaltools.gnu-tools-for-stm32.12.3.rel1.win32_1.0.100.202403111256/tools/bin/../lib/gcc/arm-none-eabi/12.3.1/../../../../arm-none-eabi/lib/thumb/v7e-m+fp/hard\libc_nano.a(libc_a-findfp.o)
                0x08007b8c                __sfp_lock_release
 .text.__sinit  0x08007b98       0x30 C:/ST/STM32CubeIDE_1.14.1/STM32CubeIDE/plugins/com.st.stm32cube.ide.mcu.externaltools.gnu-tools-for-stm32.12.3.rel1.win32_1.0.100.202403111256/tools/bin/../lib/gcc/arm-none-eabi/12.3.1/../../../../arm-none-eabi/lib/thumb/v7e-m+fp/hard\libc_nano.a(libc_a-findfp.o)
                0x08007b98                __sinit
 .text._fwalk_sglue
                0x08007bc8       0x3c C:/ST/STM32CubeIDE_1.14.1/STM32CubeIDE/plugins/com.st.stm32cube.ide.mcu.externaltools.gnu-tools-for-stm32.12.3.rel1.win32_1.0.100.202403111256/tools/bin/../lib/gcc/arm-none-eabi/12.3.1/../../../../arm-none-eabi/lib/thumb/v7e-m+fp/hard\libc_nano.a(libc_a-fwalk.o)
                0x08007bc8                _fwalk_sglue
 .text.__sread  0x08007c04       0x22 C:/ST/STM32CubeIDE_1.14.1/STM32CubeIDE/plugins/com.st.stm32cube.ide.mcu.externaltools.gnu-tools-for-stm32.12.3.rel1.win32_1.0.100.202403111256/tools/bin/../lib/gcc/arm-none-eabi/12.3.1/../../../../arm-none-eabi/lib/thumb/v7e-m+fp/hard\libc_nano.a(libc_a-stdio.o)
                0x08007c04                __sread
 .text.__swrite
                0x08007c26       0x38 C:/ST/STM32CubeIDE_1.14.1/STM32CubeIDE/plugins/com.st.stm32cube.ide.mcu.externaltools.gnu-tools-for-stm32.12.3.rel1.win32_1.0.100.202403111256/tools/bin/../lib/gcc/arm-none-eabi/12.3.1/../../../../arm-none-eabi/lib/thumb/v7e-m+fp/hard\libc_nano.a(libc_a-stdio.o)
                0x08007c26                __swrite
 .text.__sseek  0x08007c5e       0x24 C:/ST/STM32CubeIDE_1.14.1/STM32CubeIDE/plugins/com.st.stm32cube.ide.mcu.externaltools.gnu-tools-for-stm32.12.3.rel1.win32_1.0.100.202403111256/tools/bin/../lib/gcc/arm-none-eabi/12.3.1/../../../../arm-none-eabi/lib/thumb/v7e-m+fp/hard\libc_nano.a(libc_a-stdio.o)
                0x08007c5e                __sseek
 .text.__sclose
                0x08007c82        0x8 C:/ST/STM32CubeIDE_1.14.1/STM32CubeIDE/plugins/com.st.stm32cube.ide.mcu.externaltools.gnu-tools-for-stm32.12.3.rel1.win32_1.0.100.202403111256/tools/bin/../lib/gcc/arm-none-eabi/12.3.1/../../../../arm-none-eabi/lib/thumb/v7e-m+fp/hard\libc_nano.a(libc_a-stdio.o)
                0x08007c82                __sclose
 .text.memset   0x08007c8a       0x10 C:/ST/STM32CubeIDE_1.14.1/STM32CubeIDE/plugins/com.st.stm32cube.ide.mcu.externaltools.gnu-tools-for-stm32.12.3.rel1.win32_1.0.100.202403111256/tools/bin/../lib/gcc/arm-none-eabi/12.3.1/../../../../arm-none-eabi/lib/thumb/v7e-m+fp/hard\libc_nano.a(libc_a-memset.o)
                0x08007c8a                memset
 *fill*         0x08007c9a        0x2 
 .text._localeconv_r
                0x08007c9c        0x8 C:/ST/STM32CubeIDE_1.14.1/STM32CubeIDE/plugins/com.st.stm32cube.ide.mcu.externaltools.gnu-tools-for-stm32.12.3.rel1.win32_1.0.100.202403111256/tools/bin/../lib/gcc/arm-none-eabi/12.3.1/../../../../arm-none-eabi/lib/thumb/v7e-m+fp/hard\libc_nano.a(libc_a-localeconv.o)
                0x08007c9c                _localeconv_r
 .text._close_r
                0x08007ca4       0x20 C:/ST/STM32CubeIDE_1.14.1/STM32CubeIDE/plugins/com.st.stm32cube.ide.mcu.externaltools.gnu-tools-for-stm32.12.3.rel1.win32_1.0.100.202403111256/tools/bin/../lib/gcc/arm-none-eabi/12.3.1/../../../../arm-none-eabi/lib/thumb/v7e-m+fp/hard\libc_nano.a(libc_a-closer.o)
                0x08007ca4                _close_r
 .text._lseek_r
                0x08007cc4       0x24 C:/ST/STM32CubeIDE_1.14.1/STM32CubeIDE/plugins/com.st.stm32cube.ide.mcu.externaltools.gnu-tools-for-stm32.12.3.rel1.win32_1.0.100.202403111256/tools/bin/../lib/gcc/arm-none-eabi/12.3.1/../../../../arm-none-eabi/lib/thumb/v7e-m+fp/hard\libc_nano.a(libc_a-lseekr.o)
                0x08007cc4                _lseek_r
 .text._read_r  0x08007ce8       0x24 C:/ST/STM32CubeIDE_1.14.1/STM32CubeIDE/plugins/com.st.stm32cube.ide.mcu.externaltools.gnu-tools-for-stm32.12.3.rel1.win32_1.0.100.202403111256/tools/bin/../lib/gcc/arm-none-eabi/12.3.1/../../../../arm-none-eabi/lib/thumb/v7e-m+fp/hard\libc_nano.a(libc_a-readr.o)
                0x08007ce8                _read_r
 .text._write_r
                0x08007d0c       0x24 C:/ST/STM32CubeIDE_1.14.1/STM32CubeIDE/plugins/com.st.stm32cube.ide.mcu.externaltools.gnu-tools-for-stm32.12.3.rel1.win32_1.0.100.202403111256/tools/bin/../lib/gcc/arm-none-eabi/12.3.1/../../../../arm-none-eabi/lib/thumb/v7e-m+fp/hard\libc_nano.a(libc_a-writer.o)
                0x08007d0c                _write_r
 .text.__errno  0x08007d30        0xc C:/ST/STM32CubeIDE_1.14.1/STM32CubeIDE/plugins/com.st.stm32cube.ide.mcu.externaltools.gnu-tools-for-stm32.12.3.rel1.win32_1.0.100.202403111256/tools/bin/../lib/gcc/arm-none-eabi/12.3.1/../../../../arm-none-eabi/lib/thumb/v7e-m+fp/hard\libc_nano.a(libc_a-errno.o)
                0x08007d30                __errno
 .text.__libc_init_array
                0x08007d3c       0x48 C:/ST/STM32CubeIDE_1.14.1/STM32CubeIDE/plugins/com.st.stm32cube.ide.mcu.externaltools.gnu-tools-for-stm32.12.3.rel1.win32_1.0.100.202403111256/tools/bin/../lib/gcc/arm-none-eabi/12.3.1/../../../../arm-none-eabi/lib/thumb/v7e-m+fp/hard\libc_nano.a(libc_a-init.o)
                0x08007d3c                __libc_init_array
 .text.__retarget_lock_init_recursive
                0x08007d84        0x2 C:/ST/STM32CubeIDE_1.14.1/STM32CubeIDE/plugins/com.st.stm32cube.ide.mcu.externaltools.gnu-tools-for-stm32.12.3.rel1.win32_1.0.100.202403111256/tools/bin/../lib/gcc/arm-none-eabi/12.3.1/../../../../arm-none-eabi/lib/thumb/v7e-m+fp/hard\libc_nano.a(libc_a-lock.o)
                0x08007d84                __retarget_lock_init_recursive
 .text.__retarget_lock_acquire_recursive
                0x08007d86        0x2 C:/ST/STM32CubeIDE_1.14.1/STM32CubeIDE/plugins/com.st.stm32cube.ide.mcu.externaltools.gnu-tools-for-stm32.12.3.rel1.win32_1.0.100.202403111256/tools/bin/../lib/gcc/arm-none-eabi/12.3.1/../../../../arm-none-eabi/lib/thumb/v7e-m+fp/hard\libc_nano.a(libc_a-lock.o)
                0x08007d86                __retarget_lock_acquire_recursive
 .text.__retarget_lock_release_recursive
                0x08007d88        0x2 C:/ST/STM32CubeIDE_1.14.1/STM32CubeIDE/plugins/com.st.stm32cube.ide.mcu.externaltools.gnu-tools-for-stm32.12.3.rel1.win32_1.0.100.202403111256/tools/bin/../lib/gcc/arm-none-eabi/12.3.1/../../../../arm-none-eabi/lib/thumb/v7e-m+fp/hard\libc_nano.a(libc_a-lock.o)
                0x08007d88                __retarget_lock_release_recursive
 .text.quorem   0x08007d8a      0x110 C:/ST/STM32CubeIDE_1.14.1/STM32CubeIDE/plugins/com.st.stm32cube.ide.mcu.externaltools.gnu-tools-for-stm32.12.3.rel1.win32_1.0.100.202403111256/tools/bin/../lib/gcc/arm-none-eabi/12.3.1/../../../../arm-none-eabi/lib/thumb/v7e-m+fp/hard\libc_nano.a(libc_a-dtoa.o)
 *fill*         0x08007e9a        0x6 
 .text._dtoa_r  0x08007ea0      0xb88 C:/ST/STM32CubeIDE_1.14.1/STM32CubeIDE/plugins/com.st.stm32cube.ide.mcu.externaltools.gnu-tools-for-stm32.12.3.rel1.win32_1.0.100.202403111256/tools/bin/../lib/gcc/arm-none-eabi/12.3.1/../../../../arm-none-eabi/lib/thumb/v7e-m+fp/hard\libc_nano.a(libc_a-dtoa.o)
                0x08007ea0                _dtoa_r
 .text._free_r  0x08008a28       0x94 C:/ST/STM32CubeIDE_1.14.1/STM32CubeIDE/plugins/com.st.stm32cube.ide.mcu.externaltools.gnu-tools-for-stm32.12.3.rel1.win32_1.0.100.202403111256/tools/bin/../lib/gcc/arm-none-eabi/12.3.1/../../../../arm-none-eabi/lib/thumb/v7e-m+fp/hard\libc_nano.a(libc_a-freer.o)
                0x08008a28                _free_r
 .text.malloc   0x08008abc       0x10 C:/ST/STM32CubeIDE_1.14.1/STM32CubeIDE/plugins/com.st.stm32cube.ide.mcu.externaltools.gnu-tools-for-stm32.12.3.rel1.win32_1.0.100.202403111256/tools/bin/../lib/gcc/arm-none-eabi/12.3.1/../../../../arm-none-eabi/lib/thumb/v7e-m+fp/hard\libc_nano.a(libc_a-malloc.o)
                0x08008abc                malloc
 .text.sbrk_aligned
                0x08008acc       0x44 C:/ST/STM32CubeIDE_1.14.1/STM32CubeIDE/plugins/com.st.stm32cube.ide.mcu.externaltools.gnu-tools-for-stm32.12.3.rel1.win32_1.0.100.202403111256/tools/bin/../lib/gcc/arm-none-eabi/12.3.1/../../../../arm-none-eabi/lib/thumb/v7e-m+fp/hard\libc_nano.a(libc_a-mallocr.o)
 .text._malloc_r
                0x08008b10      0x100 C:/ST/STM32CubeIDE_1.14.1/STM32CubeIDE/plugins/com.st.stm32cube.ide.mcu.externaltools.gnu-tools-for-stm32.12.3.rel1.win32_1.0.100.202403111256/tools/bin/../lib/gcc/arm-none-eabi/12.3.1/../../../../arm-none-eabi/lib/thumb/v7e-m+fp/hard\libc_nano.a(libc_a-mallocr.o)
                0x08008b10                _malloc_r
 .text.__malloc_lock
                0x08008c10        0xc C:/ST/STM32CubeIDE_1.14.1/STM32CubeIDE/plugins/com.st.stm32cube.ide.mcu.externaltools.gnu-tools-for-stm32.12.3.rel1.win32_1.0.100.202403111256/tools/bin/../lib/gcc/arm-none-eabi/12.3.1/../../../../arm-none-eabi/lib/thumb/v7e-m+fp/hard\libc_nano.a(libc_a-mlock.o)
                0x08008c10                __malloc_lock
 .text.__malloc_unlock
                0x08008c1c        0xc C:/ST/STM32CubeIDE_1.14.1/STM32CubeIDE/plugins/com.st.stm32cube.ide.mcu.externaltools.gnu-tools-for-stm32.12.3.rel1.win32_1.0.100.202403111256/tools/bin/../lib/gcc/arm-none-eabi/12.3.1/../../../../arm-none-eabi/lib/thumb/v7e-m+fp/hard\libc_nano.a(libc_a-mlock.o)
                0x08008c1c                __malloc_unlock
 .text._Balloc  0x08008c28       0x80 C:/ST/STM32CubeIDE_1.14.1/STM32CubeIDE/plugins/com.st.stm32cube.ide.mcu.externaltools.gnu-tools-for-stm32.12.3.rel1.win32_1.0.100.202403111256/tools/bin/../lib/gcc/arm-none-eabi/12.3.1/../../../../arm-none-eabi/lib/thumb/v7e-m+fp/hard\libc_nano.a(libc_a-mprec.o)
                0x08008c28                _Balloc
 .text._Bfree   0x08008ca8       0x44 C:/ST/STM32CubeIDE_1.14.1/STM32CubeIDE/plugins/com.st.stm32cube.ide.mcu.externaltools.gnu-tools-for-stm32.12.3.rel1.win32_1.0.100.202403111256/tools/bin/../lib/gcc/arm-none-eabi/12.3.1/../../../../arm-none-eabi/lib/thumb/v7e-m+fp/hard\libc_nano.a(libc_a-mprec.o)
                0x08008ca8                _Bfree
 .text.__multadd
                0x08008cec       0x8c C:/ST/STM32CubeIDE_1.14.1/STM32CubeIDE/plugins/com.st.stm32cube.ide.mcu.externaltools.gnu-tools-for-stm32.12.3.rel1.win32_1.0.100.202403111256/tools/bin/../lib/gcc/arm-none-eabi/12.3.1/../../../../arm-none-eabi/lib/thumb/v7e-m+fp/hard\libc_nano.a(libc_a-mprec.o)
                0x08008cec                __multadd
 .text.__hi0bits
                0x08008d78       0x3e C:/ST/STM32CubeIDE_1.14.1/STM32CubeIDE/plugins/com.st.stm32cube.ide.mcu.externaltools.gnu-tools-for-stm32.12.3.rel1.win32_1.0.100.202403111256/tools/bin/../lib/gcc/arm-none-eabi/12.3.1/../../../../arm-none-eabi/lib/thumb/v7e-m+fp/hard\libc_nano.a(libc_a-mprec.o)
                0x08008d78                __hi0bits
 .text.__lo0bits
                0x08008db6       0x5a C:/ST/STM32CubeIDE_1.14.1/STM32CubeIDE/plugins/com.st.stm32cube.ide.mcu.externaltools.gnu-tools-for-stm32.12.3.rel1.win32_1.0.100.202403111256/tools/bin/../lib/gcc/arm-none-eabi/12.3.1/../../../../arm-none-eabi/lib/thumb/v7e-m+fp/hard\libc_nano.a(libc_a-mprec.o)
                0x08008db6                __lo0bits
 .text.__i2b    0x08008e10       0x2c C:/ST/STM32CubeIDE_1.14.1/STM32CubeIDE/plugins/com.st.stm32cube.ide.mcu.externaltools.gnu-tools-for-stm32.12.3.rel1.win32_1.0.100.202403111256/tools/bin/../lib/gcc/arm-none-eabi/12.3.1/../../../../arm-none-eabi/lib/thumb/v7e-m+fp/hard\libc_nano.a(libc_a-mprec.o)
                0x08008e10                __i2b
 .text.__multiply
                0x08008e3c      0x154 C:/ST/STM32CubeIDE_1.14.1/STM32CubeIDE/plugins/com.st.stm32cube.ide.mcu.externaltools.gnu-tools-for-stm32.12.3.rel1.win32_1.0.100.202403111256/tools/bin/../lib/gcc/arm-none-eabi/12.3.1/../../../../arm-none-eabi/lib/thumb/v7e-m+fp/hard\libc_nano.a(libc_a-mprec.o)
                0x08008e3c                __multiply
 .text.__pow5mult
                0x08008f90       0xb4 C:/ST/STM32CubeIDE_1.14.1/STM32CubeIDE/plugins/com.st.stm32cube.ide.mcu.externaltools.gnu-tools-for-stm32.12.3.rel1.win32_1.0.100.202403111256/tools/bin/../lib/gcc/arm-none-eabi/12.3.1/../../../../arm-none-eabi/lib/thumb/v7e-m+fp/hard\libc_nano.a(libc_a-mprec.o)
                0x08008f90                __pow5mult
 .text.__lshift
                0x08009044       0xd8 C:/ST/STM32CubeIDE_1.14.1/STM32CubeIDE/plugins/com.st.stm32cube.ide.mcu.externaltools.gnu-tools-for-stm32.12.3.rel1.win32_1.0.100.202403111256/tools/bin/../lib/gcc/arm-none-eabi/12.3.1/../../../../arm-none-eabi/lib/thumb/v7e-m+fp/hard\libc_nano.a(libc_a-mprec.o)
                0x08009044                __lshift
 .text.__mcmp   0x0800911c       0x36 C:/ST/STM32CubeIDE_1.14.1/STM32CubeIDE/plugins/com.st.stm32cube.ide.mcu.externaltools.gnu-tools-for-stm32.12.3.rel1.win32_1.0.100.202403111256/tools/bin/../lib/gcc/arm-none-eabi/12.3.1/../../../../arm-none-eabi/lib/thumb/v7e-m+fp/hard\libc_nano.a(libc_a-mprec.o)
                0x0800911c                __mcmp
 *fill*         0x08009152        0x2 
 .text.__mdiff  0x08009154      0x128 C:/ST/STM32CubeIDE_1.14.1/STM32CubeIDE/plugins/com.st.stm32cube.ide.mcu.externaltools.gnu-tools-for-stm32.12.3.rel1.win32_1.0.100.202403111256/tools/bin/../lib/gcc/arm-none-eabi/12.3.1/../../../../arm-none-eabi/lib/thumb/v7e-m+fp/hard\libc_nano.a(libc_a-mprec.o)
                0x08009154                __mdiff
 .text.__d2b    0x0800927c       0xb0 C:/ST/STM32CubeIDE_1.14.1/STM32CubeIDE/plugins/com.st.stm32cube.ide.mcu.externaltools.gnu-tools-for-stm32.12.3.rel1.win32_1.0.100.202403111256/tools/bin/../lib/gcc/arm-none-eabi/12.3.1/../../../../arm-none-eabi/lib/thumb/v7e-m+fp/hard\libc_nano.a(libc_a-mprec.o)
                0x0800927c                __d2b
 .text.__sflush_r
                0x0800932c      0x108 C:/ST/STM32CubeIDE_1.14.1/STM32CubeIDE/plugins/com.st.stm32cube.ide.mcu.externaltools.gnu-tools-for-stm32.12.3.rel1.win32_1.0.100.202403111256/tools/bin/../lib/gcc/arm-none-eabi/12.3.1/../../../../arm-none-eabi/lib/thumb/v7e-m+fp/hard\libc_nano.a(libc_a-fflush.o)
                0x0800932c                __sflush_r
 .text._fflush_r
                0x08009434       0x50 C:/ST/STM32CubeIDE_1.14.1/STM32CubeIDE/plugins/com.st.stm32cube.ide.mcu.externaltools.gnu-tools-for-stm32.12.3.rel1.win32_1.0.100.202403111256/tools/bin/../lib/gcc/arm-none-eabi/12.3.1/../../../../arm-none-eabi/lib/thumb/v7e-m+fp/hard\libc_nano.a(libc_a-fflush.o)
                0x08009434                _fflush_r
 .text._sbrk_r  0x08009484       0x20 C:/ST/STM32CubeIDE_1.14.1/STM32CubeIDE/plugins/com.st.stm32cube.ide.mcu.externaltools.gnu-tools-for-stm32.12.3.rel1.win32_1.0.100.202403111256/tools/bin/../lib/gcc/arm-none-eabi/12.3.1/../../../../arm-none-eabi/lib/thumb/v7e-m+fp/hard\libc_nano.a(libc_a-sbrkr.o)
                0x08009484                _sbrk_r
 .text.memcpy   0x080094a4       0x1c C:/ST/STM32CubeIDE_1.14.1/STM32CubeIDE/plugins/com.st.stm32cube.ide.mcu.externaltools.gnu-tools-for-stm32.12.3.rel1.win32_1.0.100.202403111256/tools/bin/../lib/gcc/arm-none-eabi/12.3.1/../../../../arm-none-eabi/lib/thumb/v7e-m+fp/hard\libc_nano.a(libc_a-memcpy-stub.o)
                0x080094a4                memcpy
 .text.__assert_func
                0x080094c0       0x3c C:/ST/STM32CubeIDE_1.14.1/STM32CubeIDE/plugins/com.st.stm32cube.ide.mcu.externaltools.gnu-tools-for-stm32.12.3.rel1.win32_1.0.100.202403111256/tools/bin/../lib/gcc/arm-none-eabi/12.3.1/../../../../arm-none-eabi/lib/thumb/v7e-m+fp/hard\libc_nano.a(libc_a-assert.o)
                0x080094c0                __assert_func
 .text._calloc_r
                0x080094fc       0x28 C:/ST/STM32CubeIDE_1.14.1/STM32CubeIDE/plugins/com.st.stm32cube.ide.mcu.externaltools.gnu-tools-for-stm32.12.3.rel1.win32_1.0.100.202403111256/tools/bin/../lib/gcc/arm-none-eabi/12.3.1/../../../../arm-none-eabi/lib/thumb/v7e-m+fp/hard\libc_nano.a(libc_a-callocr.o)
                0x080094fc                _calloc_r
 .text.__ascii_mbtowc
                0x08009524       0x24 C:/ST/STM32CubeIDE_1.14.1/STM32CubeIDE/plugins/com.st.stm32cube.ide.mcu.externaltools.gnu-tools-for-stm32.12.3.rel1.win32_1.0.100.202403111256/tools/bin/../lib/gcc/arm-none-eabi/12.3.1/../../../../arm-none-eabi/lib/thumb/v7e-m+fp/hard\libc_nano.a(libc_a-mbtowc_r.o)
                0x08009524                __ascii_mbtowc
 .text.__ascii_wctomb
                0x08009548       0x1a C:/ST/STM32CubeIDE_1.14.1/STM32CubeIDE/plugins/com.st.stm32cube.ide.mcu.externaltools.gnu-tools-for-stm32.12.3.rel1.win32_1.0.100.202403111256/tools/bin/../lib/gcc/arm-none-eabi/12.3.1/../../../../arm-none-eabi/lib/thumb/v7e-m+fp/hard\libc_nano.a(libc_a-wctomb_r.o)
                0x08009548                __ascii_wctomb
 *fill*         0x08009562        0x2 
 .text.fprintf  0x08009564       0x24 C:/ST/STM32CubeIDE_1.14.1/STM32CubeIDE/plugins/com.st.stm32cube.ide.mcu.externaltools.gnu-tools-for-stm32.12.3.rel1.win32_1.0.100.202403111256/tools/bin/../lib/gcc/arm-none-eabi/12.3.1/../../../../arm-none-eabi/lib/thumb/v7e-m+fp/hard\libc_nano.a(libc_a-fprintf.o)
                0x08009564                fiprintf
                0x08009564                fprintf
 .text.abort    0x08009588        0xe C:/ST/STM32CubeIDE_1.14.1/STM32CubeIDE/plugins/com.st.stm32cube.ide.mcu.externaltools.gnu-tools-for-stm32.12.3.rel1.win32_1.0.100.202403111256/tools/bin/../lib/gcc/arm-none-eabi/12.3.1/../../../../arm-none-eabi/lib/thumb/v7e-m+fp/hard\libc_nano.a(libc_a-abort.o)
                0x08009588                abort
 .text.__sfputc_r
                0x08009596       0x2e C:/ST/STM32CubeIDE_1.14.1/STM32CubeIDE/plugins/com.st.stm32cube.ide.mcu.externaltools.gnu-tools-for-stm32.12.3.rel1.win32_1.0.100.202403111256/tools/bin/../lib/gcc/arm-none-eabi/12.3.1/../../../../arm-none-eabi/lib/thumb/v7e-m+fp/hard\libc_nano.a(libc_a-nano-vfprintf.o)
 .text.__sfputs_r
                0x080095c4       0x24 C:/ST/STM32CubeIDE_1.14.1/STM32CubeIDE/plugins/com.st.stm32cube.ide.mcu.externaltools.gnu-tools-for-stm32.12.3.rel1.win32_1.0.100.202403111256/tools/bin/../lib/gcc/arm-none-eabi/12.3.1/../../../../arm-none-eabi/lib/thumb/v7e-m+fp/hard\libc_nano.a(libc_a-nano-vfprintf.o)
                0x080095c4                __sfputs_r
 .text._vfprintf_r
                0x080095e8      0x230 C:/ST/STM32CubeIDE_1.14.1/STM32CubeIDE/plugins/com.st.stm32cube.ide.mcu.externaltools.gnu-tools-for-stm32.12.3.rel1.win32_1.0.100.202403111256/tools/bin/../lib/gcc/arm-none-eabi/12.3.1/../../../../arm-none-eabi/lib/thumb/v7e-m+fp/hard\libc_nano.a(libc_a-nano-vfprintf.o)
                0x080095e8                _vfprintf_r
                0x080095e8                _vfiprintf_r
 .text.__swbuf_r
                0x08009818       0x7c C:/ST/STM32CubeIDE_1.14.1/STM32CubeIDE/plugins/com.st.stm32cube.ide.mcu.externaltools.gnu-tools-for-stm32.12.3.rel1.win32_1.0.100.202403111256/tools/bin/../lib/gcc/arm-none-eabi/12.3.1/../../../../arm-none-eabi/lib/thumb/v7e-m+fp/hard\libc_nano.a(libc_a-wbuf.o)
                0x08009818                __swbuf_r
 .text.__swsetup_r
                0x08009894       0xac C:/ST/STM32CubeIDE_1.14.1/STM32CubeIDE/plugins/com.st.stm32cube.ide.mcu.externaltools.gnu-tools-for-stm32.12.3.rel1.win32_1.0.100.202403111256/tools/bin/../lib/gcc/arm-none-eabi/12.3.1/../../../../arm-none-eabi/lib/thumb/v7e-m+fp/hard\libc_nano.a(libc_a-wsetup.o)
                0x08009894                __swsetup_r
 .text._raise_r
                0x08009940       0x50 C:/ST/STM32CubeIDE_1.14.1/STM32CubeIDE/plugins/com.st.stm32cube.ide.mcu.externaltools.gnu-tools-for-stm32.12.3.rel1.win32_1.0.100.202403111256/tools/bin/../lib/gcc/arm-none-eabi/12.3.1/../../../../arm-none-eabi/lib/thumb/v7e-m+fp/hard\libc_nano.a(libc_a-signal.o)
                0x08009940                _raise_r
 .text.raise    0x08009990       0x10 C:/ST/STM32CubeIDE_1.14.1/STM32CubeIDE/plugins/com.st.stm32cube.ide.mcu.externaltools.gnu-tools-for-stm32.12.3.rel1.win32_1.0.100.202403111256/tools/bin/../lib/gcc/arm-none-eabi/12.3.1/../../../../arm-none-eabi/lib/thumb/v7e-m+fp/hard\libc_nano.a(libc_a-signal.o)
                0x08009990                raise
 .text._kill_r  0x080099a0       0x24 C:/ST/STM32CubeIDE_1.14.1/STM32CubeIDE/plugins/com.st.stm32cube.ide.mcu.externaltools.gnu-tools-for-stm32.12.3.rel1.win32_1.0.100.202403111256/tools/bin/../lib/gcc/arm-none-eabi/12.3.1/../../../../arm-none-eabi/lib/thumb/v7e-m+fp/hard\libc_nano.a(libc_a-signalr.o)
                0x080099a0                _kill_r
 .text._getpid_r
                0x080099c4        0x4 C:/ST/STM32CubeIDE_1.14.1/STM32CubeIDE/plugins/com.st.stm32cube.ide.mcu.externaltools.gnu-tools-for-stm32.12.3.rel1.win32_1.0.100.202403111256/tools/bin/../lib/gcc/arm-none-eabi/12.3.1/../../../../arm-none-eabi/lib/thumb/v7e-m+fp/hard\libc_nano.a(libc_a-signalr.o)
                0x080099c4                _getpid_r
 .text.__swhatbuf_r
                0x080099c8       0x4c C:/ST/STM32CubeIDE_1.14.1/STM32CubeIDE/plugins/com.st.stm32cube.ide.mcu.externaltools.gnu-tools-for-stm32.12.3.rel1.win32_1.0.100.202403111256/tools/bin/../lib/gcc/arm-none-eabi/12.3.1/../../../../arm-none-eabi/lib/thumb/v7e-m+fp/hard\libc_nano.a(libc_a-makebuf.o)
                0x080099c8                __swhatbuf_r
 .text.__smakebuf_r
                0x08009a14       0x78 C:/ST/STM32CubeIDE_1.14.1/STM32CubeIDE/plugins/com.st.stm32cube.ide.mcu.externaltools.gnu-tools-for-stm32.12.3.rel1.win32_1.0.100.202403111256/tools/bin/../lib/gcc/arm-none-eabi/12.3.1/../../../../arm-none-eabi/lib/thumb/v7e-m+fp/hard\libc_nano.a(libc_a-makebuf.o)
                0x08009a14                __smakebuf_r
 .text._fstat_r
                0x08009a8c       0x24 C:/ST/STM32CubeIDE_1.14.1/STM32CubeIDE/plugins/com.st.stm32cube.ide.mcu.externaltools.gnu-tools-for-stm32.12.3.rel1.win32_1.0.100.202403111256/tools/bin/../lib/gcc/arm-none-eabi/12.3.1/../../../../arm-none-eabi/lib/thumb/v7e-m+fp/hard\libc_nano.a(libc_a-fstatr.o)
                0x08009a8c                _fstat_r
 .text._isatty_r
                0x08009ab0       0x20 C:/ST/STM32CubeIDE_1.14.1/STM32CubeIDE/plugins/com.st.stm32cube.ide.mcu.externaltools.gnu-tools-for-stm32.12.3.rel1.win32_1.0.100.202403111256/tools/bin/../lib/gcc/arm-none-eabi/12.3.1/../../../../arm-none-eabi/lib/thumb/v7e-m+fp/hard\libc_nano.a(libc_a-isattyr.o)
                0x08009ab0                _isatty_r
 *(.glue_7)
 .glue_7        0x08009ad0        0x0 linker stubs
 *(.glue_7t)
 .glue_7t       0x08009ad0        0x0 linker stubs
 *(.eh_frame)
 .eh_frame      0x08009ad0        0x0 C:/ST/STM32CubeIDE_1.14.1/STM32CubeIDE/plugins/com.st.stm32cube.ide.mcu.externaltools.gnu-tools-for-stm32.12.3.rel1.win32_1.0.100.202403111256/tools/bin/../lib/gcc/arm-none-eabi/12.3.1/thumb/v7e-m+fp/hard/crtbegin.o
 *(.init)
 .init          0x08009ad0        0x4 C:/ST/STM32CubeIDE_1.14.1/STM32CubeIDE/plugins/com.st.stm32cube.ide.mcu.externaltools.gnu-tools-for-stm32.12.3.rel1.win32_1.0.100.202403111256/tools/bin/../lib/gcc/arm-none-eabi/12.3.1/thumb/v7e-m+fp/hard/crti.o
                0x08009ad0                _init
 .init          0x08009ad4        0x8 C:/ST/STM32CubeIDE_1.14.1/STM32CubeIDE/plugins/com.st.stm32cube.ide.mcu.externaltools.gnu-tools-for-stm32.12.3.rel1.win32_1.0.100.202403111256/tools/bin/../lib/gcc/arm-none-eabi/12.3.1/thumb/v7e-m+fp/hard/crtn.o
 *(.fini)
 .fini          0x08009adc        0x4 C:/ST/STM32CubeIDE_1.14.1/STM32CubeIDE/plugins/com.st.stm32cube.ide.mcu.externaltools.gnu-tools-for-stm32.12.3.rel1.win32_1.0.100.202403111256/tools/bin/../lib/gcc/arm-none-eabi/12.3.1/thumb/v7e-m+fp/hard/crti.o
                0x08009adc                _fini
 .fini          0x08009ae0        0x8 C:/ST/STM32CubeIDE_1.14.1/STM32CubeIDE/plugins/com.st.stm32cube.ide.mcu.externaltools.gnu-tools-for-stm32.12.3.rel1.win32_1.0.100.202403111256/tools/bin/../lib/gcc/arm-none-eabi/12.3.1/thumb/v7e-m+fp/hard/crtn.o
                0x08009ae8                        . = ALIGN (0x4)
                0x08009ae8                        _etext = .

.vfp11_veneer   0x08009ae8        0x0
 .vfp11_veneer  0x08009ae8        0x0 linker stubs

.v4_bx          0x08009ae8        0x0
 .v4_bx         0x08009ae8        0x0 linker stubs

.iplt           0x08009ae8        0x0
 .iplt          0x08009ae8        0x0 C:/ST/STM32CubeIDE_1.14.1/STM32CubeIDE/plugins/com.st.stm32cube.ide.mcu.externaltools.gnu-tools-for-stm32.12.3.rel1.win32_1.0.100.202403111256/tools/bin/../lib/gcc/arm-none-eabi/12.3.1/thumb/v7e-m+fp/hard/crtbegin.o

.rodata         0x08009ae8      0x388
                0x08009ae8                        . = ALIGN (0x4)
 *(.rodata)
 *(.rodata*)
 .rodata.AHBPrescTable
                0x08009ae8       0x10 ./Core/Src/system_stm32f4xx.o
                0x08009ae8                AHBPrescTable
 .rodata.APBPrescTable
                0x08009af8        0x8 ./Core/Src/system_stm32f4xx.o
                0x08009af8                APBPrescTable
 .rodata._printf_float.str1.1
                0x08009b00       0x12 C:/ST/STM32CubeIDE_1.14.1/STM32CubeIDE/plugins/com.st.stm32cube.ide.mcu.externaltools.gnu-tools-for-stm32.12.3.rel1.win32_1.0.100.202403111256/tools/bin/../lib/gcc/arm-none-eabi/12.3.1/../../../../arm-none-eabi/lib/thumb/v7e-m+fp/hard\libc_nano.a(libc_a-nano-vfprintf_float.o)
 .rodata._printf_i.str1.1
                0x08009b12       0x22 C:/ST/STM32CubeIDE_1.14.1/STM32CubeIDE/plugins/com.st.stm32cube.ide.mcu.externaltools.gnu-tools-for-stm32.12.3.rel1.win32_1.0.100.202403111256/tools/bin/../lib/gcc/arm-none-eabi/12.3.1/../../../../arm-none-eabi/lib/thumb/v7e-m+fp/hard\libc_nano.a(libc_a-nano-vfprintf_i.o)
 .rodata._dtoa_r.str1.1
                0x08009b34       0x8d C:/ST/STM32CubeIDE_1.14.1/STM32CubeIDE/plugins/com.st.stm32cube.ide.mcu.externaltools.gnu-tools-for-stm32.12.3.rel1.win32_1.0.100.202403111256/tools/bin/../lib/gcc/arm-none-eabi/12.3.1/../../../../arm-none-eabi/lib/thumb/v7e-m+fp/hard\libc_nano.a(libc_a-dtoa.o)
                                 0x8f (size before relaxing)
 .rodata._Balloc.str1.1
                0x08009bc1       0x59 C:/ST/STM32CubeIDE_1.14.1/STM32CubeIDE/plugins/com.st.stm32cube.ide.mcu.externaltools.gnu-tools-for-stm32.12.3.rel1.win32_1.0.100.202403111256/tools/bin/../lib/gcc/arm-none-eabi/12.3.1/../../../../arm-none-eabi/lib/thumb/v7e-m+fp/hard\libc_nano.a(libc_a-mprec.o)
                                 0x70 (size before relaxing)
 .rodata.__multadd.str1.1
                0x08009c1a       0x11 C:/ST/STM32CubeIDE_1.14.1/STM32CubeIDE/plugins/com.st.stm32cube.ide.mcu.externaltools.gnu-tools-for-stm32.12.3.rel1.win32_1.0.100.202403111256/tools/bin/../lib/gcc/arm-none-eabi/12.3.1/../../../../arm-none-eabi/lib/thumb/v7e-m+fp/hard\libc_nano.a(libc_a-mprec.o)
 *fill*         0x08009c1a        0x2 
 .rodata.p05.0  0x08009c1c        0xc C:/ST/STM32CubeIDE_1.14.1/STM32CubeIDE/plugins/com.st.stm32cube.ide.mcu.externaltools.gnu-tools-for-stm32.12.3.rel1.win32_1.0.100.202403111256/tools/bin/../lib/gcc/arm-none-eabi/12.3.1/../../../../arm-none-eabi/lib/thumb/v7e-m+fp/hard\libc_nano.a(libc_a-mprec.o)
 .rodata.__mprec_bigtens
                0x08009c28       0x28 C:/ST/STM32CubeIDE_1.14.1/STM32CubeIDE/plugins/com.st.stm32cube.ide.mcu.externaltools.gnu-tools-for-stm32.12.3.rel1.win32_1.0.100.202403111256/tools/bin/../lib/gcc/arm-none-eabi/12.3.1/../../../../arm-none-eabi/lib/thumb/v7e-m+fp/hard\libc_nano.a(libc_a-mprec.o)
                0x08009c28                __mprec_bigtens
 .rodata.__mprec_tens
                0x08009c50       0xc8 C:/ST/STM32CubeIDE_1.14.1/STM32CubeIDE/plugins/com.st.stm32cube.ide.mcu.externaltools.gnu-tools-for-stm32.12.3.rel1.win32_1.0.100.202403111256/tools/bin/../lib/gcc/arm-none-eabi/12.3.1/../../../../arm-none-eabi/lib/thumb/v7e-m+fp/hard\libc_nano.a(libc_a-mprec.o)
                0x08009c50                __mprec_tens
 .rodata._setlocale_r.str1.1
                0x08009d18        0x8 C:/ST/STM32CubeIDE_1.14.1/STM32CubeIDE/plugins/com.st.stm32cube.ide.mcu.externaltools.gnu-tools-for-stm32.12.3.rel1.win32_1.0.100.202403111256/tools/bin/../lib/gcc/arm-none-eabi/12.3.1/../../../../arm-none-eabi/lib/thumb/v7e-m+fp/hard\libc_nano.a(libc_a-locale.o)
                                  0x9 (size before relaxing)
 .rodata.str1.1
                0x08009d20        0x2 C:/ST/STM32CubeIDE_1.14.1/STM32CubeIDE/plugins/com.st.stm32cube.ide.mcu.externaltools.gnu-tools-for-stm32.12.3.rel1.win32_1.0.100.202403111256/tools/bin/../lib/gcc/arm-none-eabi/12.3.1/../../../../arm-none-eabi/lib/thumb/v7e-m+fp/hard\libc_nano.a(libc_a-locale.o)
 .rodata.__assert_func.str1.1
                0x08009d22       0x3c C:/ST/STM32CubeIDE_1.14.1/STM32CubeIDE/plugins/com.st.stm32cube.ide.mcu.externaltools.gnu-tools-for-stm32.12.3.rel1.win32_1.0.100.202403111256/tools/bin/../lib/gcc/arm-none-eabi/12.3.1/../../../../arm-none-eabi/lib/thumb/v7e-m+fp/hard\libc_nano.a(libc_a-assert.o)
                                 0x3d (size before relaxing)
 .rodata._ctype_
                0x08009d5e      0x101 C:/ST/STM32CubeIDE_1.14.1/STM32CubeIDE/plugins/com.st.stm32cube.ide.mcu.externaltools.gnu-tools-for-stm32.12.3.rel1.win32_1.0.100.202403111256/tools/bin/../lib/gcc/arm-none-eabi/12.3.1/../../../../arm-none-eabi/lib/thumb/v7e-m+fp/hard\libc_nano.a(libc_a-ctype_.o)
                0x08009d5e                _ctype_
 .rodata._vfprintf_r.str1.1
                0x08009e5f       0x11 C:/ST/STM32CubeIDE_1.14.1/STM32CubeIDE/plugins/com.st.stm32cube.ide.mcu.externaltools.gnu-tools-for-stm32.12.3.rel1.win32_1.0.100.202403111256/tools/bin/../lib/gcc/arm-none-eabi/12.3.1/../../../../arm-none-eabi/lib/thumb/v7e-m+fp/hard\libc_nano.a(libc_a-nano-vfprintf.o)
                0x08009e70                        . = ALIGN (0x4)

.ARM.extab      0x08009e70        0x0
                0x08009e70                        . = ALIGN (0x4)
 *(.ARM.extab* .gnu.linkonce.armextab.*)
                0x08009e70                        . = ALIGN (0x4)

.ARM            0x08009e70        0x8
                0x08009e70                        . = ALIGN (0x4)
                0x08009e70                        __exidx_start = .
 *(.ARM.exidx*)
 .ARM.exidx     0x08009e70        0x8 C:/ST/STM32CubeIDE_1.14.1/STM32CubeIDE/plugins/com.st.stm32cube.ide.mcu.externaltools.gnu-tools-for-stm32.12.3.rel1.win32_1.0.100.202403111256/tools/bin/../lib/gcc/arm-none-eabi/12.3.1/../../../../arm-none-eabi/lib/thumb/v7e-m+fp/hard\libc_nano.a(libc_a-memchr.o)
 .ARM.exidx     0x08009e78        0x0 C:/ST/STM32CubeIDE_1.14.1/STM32CubeIDE/plugins/com.st.stm32cube.ide.mcu.externaltools.gnu-tools-for-stm32.12.3.rel1.win32_1.0.100.202403111256/tools/bin/../lib/gcc/arm-none-eabi/12.3.1/../../../../arm-none-eabi/lib/thumb/v7e-m+fp/hard\libc_nano.a(libc_a-strlen.o)
                                  0x8 (size before relaxing)
 .ARM.exidx     0x08009e78        0x0 C:/ST/STM32CubeIDE_1.14.1/STM32CubeIDE/plugins/com.st.stm32cube.ide.mcu.externaltools.gnu-tools-for-stm32.12.3.rel1.win32_1.0.100.202403111256/tools/bin/../lib/gcc/arm-none-eabi/12.3.1/thumb/v7e-m+fp/hard\libgcc.a(_udivmoddi4.o)
                                  0x8 (size before relaxing)
                0x08009e78                        __exidx_end = .
                0x08009e78                        . = ALIGN (0x4)

.preinit_array  0x08009e78        0x0
                0x08009e78                        . = ALIGN (0x4)
                0x08009e78                        PROVIDE (__preinit_array_start = .)
 *(.preinit_array*)
                0x08009e78                        PROVIDE (__preinit_array_end = .)
                0x08009e78                        . = ALIGN (0x4)

.init_array     0x08009e78        0x4
                0x08009e78                        . = ALIGN (0x4)
                0x08009e78                        PROVIDE (__init_array_start = .)
 *(SORT_BY_NAME(.init_array.*))
 *(.init_array*)
 .init_array    0x08009e78        0x4 C:/ST/STM32CubeIDE_1.14.1/STM32CubeIDE/plugins/com.st.stm32cube.ide.mcu.externaltools.gnu-tools-for-stm32.12.3.rel1.win32_1.0.100.202403111256/tools/bin/../lib/gcc/arm-none-eabi/12.3.1/thumb/v7e-m+fp/hard/crtbegin.o
                0x08009e7c                        PROVIDE (__init_array_end = .)
                0x08009e7c                        . = ALIGN (0x4)

.fini_array     0x08009e7c        0x4
                0x08009e7c                        . = ALIGN (0x4)
                [!provide]                        PROVIDE (__fini_array_start = .)
 *(SORT_BY_NAME(.fini_array.*))
 *(.fini_array*)
 .fini_array    0x08009e7c        0x4 C:/ST/STM32CubeIDE_1.14.1/STM32CubeIDE/plugins/com.st.stm32cube.ide.mcu.externaltools.gnu-tools-for-stm32.12.3.rel1.win32_1.0.100.202403111256/tools/bin/../lib/gcc/arm-none-eabi/12.3.1/thumb/v7e-m+fp/hard/crtbegin.o
                [!provide]                        PROVIDE (__fini_array_end = .)
                0x08009e80                        . = ALIGN (0x4)
                0x08009e80                        _sidata = LOADADDR (.data)

.rel.dyn        0x08009e80        0x0
 .rel.iplt      0x08009e80        0x0 C:/ST/STM32CubeIDE_1.14.1/STM32CubeIDE/plugins/com.st.stm32cube.ide.mcu.externaltools.gnu-tools-for-stm32.12.3.rel1.win32_1.0.100.202403111256/tools/bin/../lib/gcc/arm-none-eabi/12.3.1/thumb/v7e-m+fp/hard/crtbegin.o

.data           0x20000000      0x36c load address 0x08009e80
                0x20000000                        . = ALIGN (0x4)
                0x20000000                        _sdata = .
 *(.data)
 *(.data*)
 .data.A        0x20000000       0x16 ./Core/Src/main.o
                0x20000000                A
 *fill*         0x20000016        0x2 
 .data.E        0x20000018       0x16 ./Core/Src/main.o
                0x20000018                E
 *fill*         0x2000002e        0x2 
 .data.R        0x20000030       0x16 ./Core/Src/main.o
                0x20000030                R
 *fill*         0x20000046        0x2 
 .data.I        0x20000048       0x16 ./Core/Src/main.o
                0x20000048                I
 *fill*         0x2000005e        0x2 
 .data.K        0x20000060       0x16 ./Core/Src/main.o
                0x20000060                K
 *fill*         0x20000076        0x2 
 .data.LED_ARRAY
                0x20000078      0x120 ./Core/Src/main.o
                0x20000078                LED_ARRAY
 .data.SystemCoreClock
                0x20000198        0x4 ./Core/Src/system_stm32f4xx.o
                0x20000198                SystemCoreClock
 .data.uwTickPrio
                0x2000019c        0x4 ./Drivers/STM32F4xx_HAL_Driver/Src/stm32f4xx_hal.o
                0x2000019c                uwTickPrio
 .data.uwTickFreq
                0x200001a0        0x1 ./Drivers/STM32F4xx_HAL_Driver/Src/stm32f4xx_hal.o
                0x200001a0                uwTickFreq
 *fill*         0x200001a1        0x3 
 .data.__sglue  0x200001a4        0xc C:/ST/STM32CubeIDE_1.14.1/STM32CubeIDE/plugins/com.st.stm32cube.ide.mcu.externaltools.gnu-tools-for-stm32.12.3.rel1.win32_1.0.100.202403111256/tools/bin/../lib/gcc/arm-none-eabi/12.3.1/../../../../arm-none-eabi/lib/thumb/v7e-m+fp/hard\libc_nano.a(libc_a-findfp.o)
                0x200001a4                __sglue
 .data._impure_ptr
                0x200001b0        0x4 C:/ST/STM32CubeIDE_1.14.1/STM32CubeIDE/plugins/com.st.stm32cube.ide.mcu.externaltools.gnu-tools-for-stm32.12.3.rel1.win32_1.0.100.202403111256/tools/bin/../lib/gcc/arm-none-eabi/12.3.1/../../../../arm-none-eabi/lib/thumb/v7e-m+fp/hard\libc_nano.a(libc_a-impure.o)
                0x200001b0                _impure_ptr
 .data._impure_data
                0x200001b4       0x4c C:/ST/STM32CubeIDE_1.14.1/STM32CubeIDE/plugins/com.st.stm32cube.ide.mcu.externaltools.gnu-tools-for-stm32.12.3.rel1.win32_1.0.100.202403111256/tools/bin/../lib/gcc/arm-none-eabi/12.3.1/../../../../arm-none-eabi/lib/thumb/v7e-m+fp/hard\libc_nano.a(libc_a-impure.o)
                0x200001b4                _impure_data
 .data.__global_locale
                0x20000200      0x16c C:/ST/STM32CubeIDE_1.14.1/STM32CubeIDE/plugins/com.st.stm32cube.ide.mcu.externaltools.gnu-tools-for-stm32.12.3.rel1.win32_1.0.100.202403111256/tools/bin/../lib/gcc/arm-none-eabi/12.3.1/../../../../arm-none-eabi/lib/thumb/v7e-m+fp/hard\libc_nano.a(libc_a-locale.o)
                0x20000200                __global_locale
 *(.RamFunc)
 *(.RamFunc*)
                0x2000036c                        . = ALIGN (0x4)
                0x2000036c                        _edata = .

.igot.plt       0x2000036c        0x0 load address 0x0800a1ec
 .igot.plt      0x2000036c        0x0 C:/ST/STM32CubeIDE_1.14.1/STM32CubeIDE/plugins/com.st.stm32cube.ide.mcu.externaltools.gnu-tools-for-stm32.12.3.rel1.win32_1.0.100.202403111256/tools/bin/../lib/gcc/arm-none-eabi/12.3.1/thumb/v7e-m+fp/hard/crtbegin.o
                0x2000036c                        . = ALIGN (0x4)

.bss            0x20000370      0x434 load address 0x0800a1ec
                0x20000370                        _sbss = .
                0x20000370                        __bss_start__ = _sbss
 *(.bss)
 .bss           0x20000370       0x1c C:/ST/STM32CubeIDE_1.14.1/STM32CubeIDE/plugins/com.st.stm32cube.ide.mcu.externaltools.gnu-tools-for-stm32.12.3.rel1.win32_1.0.100.202403111256/tools/bin/../lib/gcc/arm-none-eabi/12.3.1/thumb/v7e-m+fp/hard/crtbegin.o
 *(.bss*)
 *fill*         0x2000038c        0x4 
 .bss.runningTotal.8
                0x20000390        0x8 ./Core/Src/DataProcessing.o
 .bss.count.7   0x20000398        0x4 ./Core/Src/DataProcessing.o
 *fill*         0x2000039c        0x4 
 .bss.currentMean.6
                0x200003a0        0x8 ./Core/Src/DataProcessing.o
 .bss.filtered_velocity.5
                0x200003a8        0x8 ./Core/Src/DataProcessing.o
 .bss.baseline.4
                0x200003b0        0x8 ./Core/Src/DataProcessing.o
 .bss.last_acceleration.3
                0x200003b8        0x8 ./Core/Src/DataProcessing.o
 .bss.current_velocity.2
                0x200003c0        0x8 ./Core/Src/DataProcessing.o
 .bss.samples_collected.1
                0x200003c8        0x4 ./Core/Src/DataProcessing.o
 *fill*         0x200003cc        0x4 
 .bss.last_velocity.0
                0x200003d0        0x8 ./Core/Src/DataProcessing.o
 .bss.last_direction.0
                0x200003d8        0x1 ./Core/Src/Display.o
 *fill*         0x200003d9        0x3 
 .bss.elapsed_time_tbl
                0x200003dc       0xa0 ./Core/Src/elapsed_time.o
 .bss.MotionSensor
                0x2000047c       0x38 ./Core/Src/main.o
                0x2000047c                MotionSensor
 .bss.dataRdyIntReceived
                0x200004b4        0x4 ./Core/Src/main.o
                0x200004b4                dataRdyIntReceived
 .bss.timer_flag
                0x200004b8        0x1 ./Core/Src/main.o
                0x200004b8                timer_flag
 .bss.disp_usable
                0x200004b9        0x1 ./Core/Src/main.o
                0x200004b9                disp_usable
 .bss.first_positive_velocity_detected
                0x200004ba        0x1 ./Core/Src/main.o
                0x200004ba                first_positive_velocity_detected
 *fill*         0x200004bb        0x1 
 .bss.LED_CLEAR
                0x200004bc        0x6 ./Core/Src/main.o
                0x200004bc                LED_CLEAR
 *fill*         0x200004c2        0x2 
 .bss.hspi2     0x200004c4       0x58 ./Core/Src/spi.o
                0x200004c4                hspi2
 .bss.hspi1     0x2000051c       0x58 ./Core/Src/stm32f4xx_nucleo_bus.o
                0x2000051c                hspi1
 .bss.SPI1InitCounter
                0x20000574        0x4 ./Core/Src/stm32f4xx_nucleo_bus.o
 .bss.__sbrk_heap_end
                0x20000578        0x4 ./Core/Src/sysmem.o
 .bss.htim2     0x2000057c       0x48 ./Core/Src/tim.o
                0x2000057c                htim2
 .bss.htim10    0x200005c4       0x48 ./Core/Src/tim.o
                0x200005c4                htim10
 .bss.huart2    0x2000060c       0x48 ./Core/Src/usart.o
                0x2000060c                huart2
 .bss.uwTick    0x20000654        0x4 ./Drivers/STM32F4xx_HAL_Driver/Src/stm32f4xx_hal.o
                0x20000654                uwTick
 .bss.__sf      0x20000658      0x138 C:/ST/STM32CubeIDE_1.14.1/STM32CubeIDE/plugins/com.st.stm32cube.ide.mcu.externaltools.gnu-tools-for-stm32.12.3.rel1.win32_1.0.100.202403111256/tools/bin/../lib/gcc/arm-none-eabi/12.3.1/../../../../arm-none-eabi/lib/thumb/v7e-m+fp/hard\libc_nano.a(libc_a-findfp.o)
                0x20000658                __sf
 .bss.__stdio_exit_handler
                0x20000790        0x4 C:/ST/STM32CubeIDE_1.14.1/STM32CubeIDE/plugins/com.st.stm32cube.ide.mcu.externaltools.gnu-tools-for-stm32.12.3.rel1.win32_1.0.100.202403111256/tools/bin/../lib/gcc/arm-none-eabi/12.3.1/../../../../arm-none-eabi/lib/thumb/v7e-m+fp/hard\libc_nano.a(libc_a-findfp.o)
                0x20000790                __stdio_exit_handler
 .bss.errno     0x20000794        0x4 C:/ST/STM32CubeIDE_1.14.1/STM32CubeIDE/plugins/com.st.stm32cube.ide.mcu.externaltools.gnu-tools-for-stm32.12.3.rel1.win32_1.0.100.202403111256/tools/bin/../lib/gcc/arm-none-eabi/12.3.1/../../../../arm-none-eabi/lib/thumb/v7e-m+fp/hard\libc_nano.a(libc_a-reent.o)
                0x20000794                errno
 .bss.__lock___malloc_recursive_mutex
                0x20000798        0x1 C:/ST/STM32CubeIDE_1.14.1/STM32CubeIDE/plugins/com.st.stm32cube.ide.mcu.externaltools.gnu-tools-for-stm32.12.3.rel1.win32_1.0.100.202403111256/tools/bin/../lib/gcc/arm-none-eabi/12.3.1/../../../../arm-none-eabi/lib/thumb/v7e-m+fp/hard\libc_nano.a(libc_a-lock.o)
                0x20000798                __lock___malloc_recursive_mutex
 .bss.__lock___sfp_recursive_mutex
                0x20000799        0x1 C:/ST/STM32CubeIDE_1.14.1/STM32CubeIDE/plugins/com.st.stm32cube.ide.mcu.externaltools.gnu-tools-for-stm32.12.3.rel1.win32_1.0.100.202403111256/tools/bin/../lib/gcc/arm-none-eabi/12.3.1/../../../../arm-none-eabi/lib/thumb/v7e-m+fp/hard\libc_nano.a(libc_a-lock.o)
                0x20000799                __lock___sfp_recursive_mutex
 *fill*         0x2000079a        0x2 
 .bss.__malloc_sbrk_start
                0x2000079c        0x4 C:/ST/STM32CubeIDE_1.14.1/STM32CubeIDE/plugins/com.st.stm32cube.ide.mcu.externaltools.gnu-tools-for-stm32.12.3.rel1.win32_1.0.100.202403111256/tools/bin/../lib/gcc/arm-none-eabi/12.3.1/../../../../arm-none-eabi/lib/thumb/v7e-m+fp/hard\libc_nano.a(libc_a-mallocr.o)
                0x2000079c                __malloc_sbrk_start
 .bss.__malloc_free_list
                0x200007a0        0x4 C:/ST/STM32CubeIDE_1.14.1/STM32CubeIDE/plugins/com.st.stm32cube.ide.mcu.externaltools.gnu-tools-for-stm32.12.3.rel1.win32_1.0.100.202403111256/tools/bin/../lib/gcc/arm-none-eabi/12.3.1/../../../../arm-none-eabi/lib/thumb/v7e-m+fp/hard\libc_nano.a(libc_a-mallocr.o)
                0x200007a0                __malloc_free_list
 *(COMMON)
                0x200007a4                        . = ALIGN (0x4)
                0x200007a4                        _ebss = .
                0x200007a4                        __bss_end__ = _ebss

._user_heap_stack
                0x200007a4      0x604 load address 0x0800a1ec
                0x200007a8                        . = ALIGN (0x8)
 *fill*         0x200007a4        0x4 
                [!provide]                        PROVIDE (end = .)
                0x200007a8                        PROVIDE (_end = .)
                0x200009a8                        . = (. + _Min_Heap_Size)
 *fill*         0x200007a8      0x200 
                0x20000da8                        . = (. + _Min_Stack_Size)
 *fill*         0x200009a8      0x400 
                0x20000da8                        . = ALIGN (0x8)

/DISCARD/
 libc.a(*)
 libm.a(*)
 libgcc.a(*)

.ARM.attributes
                0x00000000       0x30
 *(.ARM.attributes)
 .ARM.attributes
                0x00000000       0x22 C:/ST/STM32CubeIDE_1.14.1/STM32CubeIDE/plugins/com.st.stm32cube.ide.mcu.externaltools.gnu-tools-for-stm32.12.3.rel1.win32_1.0.100.202403111256/tools/bin/../lib/gcc/arm-none-eabi/12.3.1/thumb/v7e-m+fp/hard/crti.o
 .ARM.attributes
                0x00000022       0x34 C:/ST/STM32CubeIDE_1.14.1/STM32CubeIDE/plugins/com.st.stm32cube.ide.mcu.externaltools.gnu-tools-for-stm32.12.3.rel1.win32_1.0.100.202403111256/tools/bin/../lib/gcc/arm-none-eabi/12.3.1/thumb/v7e-m+fp/hard/crtbegin.o
 .ARM.attributes
                0x00000056       0x34 ./Core/Src/DataProcessing.o
 .ARM.attributes
                0x0000008a       0x34 ./Core/Src/Display.o
 .ARM.attributes
                0x000000be       0x34 ./Core/Src/elapsed_time.o
 .ARM.attributes
                0x000000f2       0x34 ./Core/Src/gpio.o
 .ARM.attributes
                0x00000126       0x34 ./Core/Src/main.o
 .ARM.attributes
                0x0000015a       0x34 ./Core/Src/spi.o
 .ARM.attributes
                0x0000018e       0x34 ./Core/Src/stm32f4xx_hal_msp.o
 .ARM.attributes
                0x000001c2       0x34 ./Core/Src/stm32f4xx_it.o
 .ARM.attributes
                0x000001f6       0x34 ./Core/Src/stm32f4xx_nucleo_bus.o
 .ARM.attributes
                0x0000022a       0x34 ./Core/Src/syscalls.o
 .ARM.attributes
                0x0000025e       0x34 ./Core/Src/sysmem.o
 .ARM.attributes
                0x00000292       0x34 ./Core/Src/system_stm32f4xx.o
 .ARM.attributes
                0x000002c6       0x34 ./Core/Src/tim.o
 .ARM.attributes
                0x000002fa       0x34 ./Core/Src/usart.o
 .ARM.attributes
                0x0000032e       0x21 ./Core/Startup/startup_stm32f446retx.o
 .ARM.attributes
                0x0000034f       0x34 ./Drivers/BSP/Components/lsm6dsl/lsm6dsl.o
 .ARM.attributes
                0x00000383       0x34 ./Drivers/BSP/Components/lsm6dsl/lsm6dsl_reg.o
 .ARM.attributes
                0x000003b7       0x34 ./Drivers/STM32F4xx_HAL_Driver/Src/stm32f4xx_hal.o
 .ARM.attributes
                0x000003eb       0x34 ./Drivers/STM32F4xx_HAL_Driver/Src/stm32f4xx_hal_cortex.o
 .ARM.attributes
                0x0000041f       0x34 ./Drivers/STM32F4xx_HAL_Driver/Src/stm32f4xx_hal_dma.o
 .ARM.attributes
                0x00000453       0x34 ./Drivers/STM32F4xx_HAL_Driver/Src/stm32f4xx_hal_gpio.o
 .ARM.attributes
                0x00000487       0x34 ./Drivers/STM32F4xx_HAL_Driver/Src/stm32f4xx_hal_rcc.o
 .ARM.attributes
                0x000004bb       0x34 ./Drivers/STM32F4xx_HAL_Driver/Src/stm32f4xx_hal_rcc_ex.o
 .ARM.attributes
                0x000004ef       0x34 ./Drivers/STM32F4xx_HAL_Driver/Src/stm32f4xx_hal_spi.o
 .ARM.attributes
                0x00000523       0x34 ./Drivers/STM32F4xx_HAL_Driver/Src/stm32f4xx_hal_tim.o
 .ARM.attributes
                0x00000557       0x34 ./Drivers/STM32F4xx_HAL_Driver/Src/stm32f4xx_hal_tim_ex.o
 .ARM.attributes
                0x0000058b       0x34 ./Drivers/STM32F4xx_HAL_Driver/Src/stm32f4xx_hal_uart.o
 .ARM.attributes
                0x000005bf       0x34 C:/ST/STM32CubeIDE_1.14.1/STM32CubeIDE/plugins/com.st.stm32cube.ide.mcu.externaltools.gnu-tools-for-stm32.12.3.rel1.win32_1.0.100.202403111256/tools/bin/../lib/gcc/arm-none-eabi/12.3.1/../../../../arm-none-eabi/lib/thumb/v7e-m+fp/hard\libc_nano.a(libc_a-nano-vfprintf_float.o)
 .ARM.attributes
                0x000005f3       0x34 C:/ST/STM32CubeIDE_1.14.1/STM32CubeIDE/plugins/com.st.stm32cube.ide.mcu.externaltools.gnu-tools-for-stm32.12.3.rel1.win32_1.0.100.202403111256/tools/bin/../lib/gcc/arm-none-eabi/12.3.1/../../../../arm-none-eabi/lib/thumb/v7e-m+fp/hard\libc_nano.a(libc_a-nano-vfprintf_i.o)
 .ARM.attributes
                0x00000627       0x34 C:/ST/STM32CubeIDE_1.14.1/STM32CubeIDE/plugins/com.st.stm32cube.ide.mcu.externaltools.gnu-tools-for-stm32.12.3.rel1.win32_1.0.100.202403111256/tools/bin/../lib/gcc/arm-none-eabi/12.3.1/../../../../arm-none-eabi/lib/thumb/v7e-m+fp/hard\libc_nano.a(libc_a-findfp.o)
 .ARM.attributes
                0x0000065b       0x34 C:/ST/STM32CubeIDE_1.14.1/STM32CubeIDE/plugins/com.st.stm32cube.ide.mcu.externaltools.gnu-tools-for-stm32.12.3.rel1.win32_1.0.100.202403111256/tools/bin/../lib/gcc/arm-none-eabi/12.3.1/../../../../arm-none-eabi/lib/thumb/v7e-m+fp/hard\libc_nano.a(libc_a-fwalk.o)
 .ARM.attributes